Archive member included to satisfy reference by file (symbol)

/Applications/STMicroelectronics/STM32CubeIDE.app/Contents/Eclipse/plugins/com.st.stm32cube.ide.mcu.externaltools.gnu-tools-for-stm32.13.3.rel1.macos64_1.0.0.202411102158/tools/bin/../lib/gcc/arm-none-eabi/13.3.1/../../../../arm-none-eabi/lib/thumb/v7e-m+fp/hard/libc_nano.a(libc_a-atof.o)
                              ./Core/Src/gps.o (atof)
/Applications/STMicroelectronics/STM32CubeIDE.app/Contents/Eclipse/plugins/com.st.stm32cube.ide.mcu.externaltools.gnu-tools-for-stm32.13.3.rel1.macos64_1.0.0.202411102158/tools/bin/../lib/gcc/arm-none-eabi/13.3.1/../../../../arm-none-eabi/lib/thumb/v7e-m+fp/hard/libc_nano.a(libc_a-atoi.o)
                              ./Core/Src/gps.o (atoi)
/Applications/STMicroelectronics/STM32CubeIDE.app/Contents/Eclipse/plugins/com.st.stm32cube.ide.mcu.externaltools.gnu-tools-for-stm32.13.3.rel1.macos64_1.0.0.202411102158/tools/bin/../lib/gcc/arm-none-eabi/13.3.1/../../../../arm-none-eabi/lib/thumb/v7e-m+fp/hard/libc_nano.a(libc_a-exit.o)
                              /Applications/STMicroelectronics/STM32CubeIDE.app/Contents/Eclipse/plugins/com.st.stm32cube.ide.mcu.externaltools.gnu-tools-for-stm32.13.3.rel1.macos64_1.0.0.202411102158/tools/bin/../lib/gcc/arm-none-eabi/13.3.1/../../../../arm-none-eabi/lib/thumb/v7e-m+fp/hard/crt0.o (exit)
/Applications/STMicroelectronics/STM32CubeIDE.app/Contents/Eclipse/plugins/com.st.stm32cube.ide.mcu.externaltools.gnu-tools-for-stm32.13.3.rel1.macos64_1.0.0.202411102158/tools/bin/../lib/gcc/arm-none-eabi/13.3.1/../../../../arm-none-eabi/lib/thumb/v7e-m+fp/hard/libc_nano.a(libc_a-nano-vfprintf_float.o)
                              (_printf_float)
/Applications/STMicroelectronics/STM32CubeIDE.app/Contents/Eclipse/plugins/com.st.stm32cube.ide.mcu.externaltools.gnu-tools-for-stm32.13.3.rel1.macos64_1.0.0.202411102158/tools/bin/../lib/gcc/arm-none-eabi/13.3.1/../../../../arm-none-eabi/lib/thumb/v7e-m+fp/hard/libc_nano.a(libc_a-malloc.o)
                              ./Middlewares/Third_Party/FatFs/src/option/syscall.o (malloc)
/Applications/STMicroelectronics/STM32CubeIDE.app/Contents/Eclipse/plugins/com.st.stm32cube.ide.mcu.externaltools.gnu-tools-for-stm32.13.3.rel1.macos64_1.0.0.202411102158/tools/bin/../lib/gcc/arm-none-eabi/13.3.1/../../../../arm-none-eabi/lib/thumb/v7e-m+fp/hard/libc_nano.a(libc_a-mallocr.o)
                              /Applications/STMicroelectronics/STM32CubeIDE.app/Contents/Eclipse/plugins/com.st.stm32cube.ide.mcu.externaltools.gnu-tools-for-stm32.13.3.rel1.macos64_1.0.0.202411102158/tools/bin/../lib/gcc/arm-none-eabi/13.3.1/../../../../arm-none-eabi/lib/thumb/v7e-m+fp/hard/libc_nano.a(libc_a-malloc.o) (_malloc_r)
/Applications/STMicroelectronics/STM32CubeIDE.app/Contents/Eclipse/plugins/com.st.stm32cube.ide.mcu.externaltools.gnu-tools-for-stm32.13.3.rel1.macos64_1.0.0.202411102158/tools/bin/../lib/gcc/arm-none-eabi/13.3.1/../../../../arm-none-eabi/lib/thumb/v7e-m+fp/hard/libc_nano.a(libc_a-nano-vfprintf_i.o)
                              /Applications/STMicroelectronics/STM32CubeIDE.app/Contents/Eclipse/plugins/com.st.stm32cube.ide.mcu.externaltools.gnu-tools-for-stm32.13.3.rel1.macos64_1.0.0.202411102158/tools/bin/../lib/gcc/arm-none-eabi/13.3.1/../../../../arm-none-eabi/lib/thumb/v7e-m+fp/hard/libc_nano.a(libc_a-nano-vfprintf_float.o) (_printf_common)
/Applications/STMicroelectronics/STM32CubeIDE.app/Contents/Eclipse/plugins/com.st.stm32cube.ide.mcu.externaltools.gnu-tools-for-stm32.13.3.rel1.macos64_1.0.0.202411102158/tools/bin/../lib/gcc/arm-none-eabi/13.3.1/../../../../arm-none-eabi/lib/thumb/v7e-m+fp/hard/libc_nano.a(libc_a-mlock.o)
                              /Applications/STMicroelectronics/STM32CubeIDE.app/Contents/Eclipse/plugins/com.st.stm32cube.ide.mcu.externaltools.gnu-tools-for-stm32.13.3.rel1.macos64_1.0.0.202411102158/tools/bin/../lib/gcc/arm-none-eabi/13.3.1/../../../../arm-none-eabi/lib/thumb/v7e-m+fp/hard/libc_nano.a(libc_a-mallocr.o) (__malloc_lock)
/Applications/STMicroelectronics/STM32CubeIDE.app/Contents/Eclipse/plugins/com.st.stm32cube.ide.mcu.externaltools.gnu-tools-for-stm32.13.3.rel1.macos64_1.0.0.202411102158/tools/bin/../lib/gcc/arm-none-eabi/13.3.1/../../../../arm-none-eabi/lib/thumb/v7e-m+fp/hard/libc_nano.a(libc_a-sprintf.o)
                              ./Core/Src/main.o (sprintf)
/Applications/STMicroelectronics/STM32CubeIDE.app/Contents/Eclipse/plugins/com.st.stm32cube.ide.mcu.externaltools.gnu-tools-for-stm32.13.3.rel1.macos64_1.0.0.202411102158/tools/bin/../lib/gcc/arm-none-eabi/13.3.1/../../../../arm-none-eabi/lib/thumb/v7e-m+fp/hard/libc_nano.a(libc_a-findfp.o)
                              /Applications/STMicroelectronics/STM32CubeIDE.app/Contents/Eclipse/plugins/com.st.stm32cube.ide.mcu.externaltools.gnu-tools-for-stm32.13.3.rel1.macos64_1.0.0.202411102158/tools/bin/../lib/gcc/arm-none-eabi/13.3.1/../../../../arm-none-eabi/lib/thumb/v7e-m+fp/hard/libc_nano.a(libc_a-exit.o) (__stdio_exit_handler)
[...]
Memory Configuration

Name             Origin             Length             Attributes
RAM              0x20000000         0x00018000         xrw
RAM2             0x10000000         0x00008000         xrw
FLASH            0x08000000         0x00100000         xr
*default*        0x00000000         0xffffffff

Linker script and memory map

LOAD /Applications/STMicroelectronics/STM32CubeIDE.app/Contents/Eclipse/plugins/com.st.stm32cube.ide.mcu.externaltools.gnu-tools-for-stm32.13.3.rel1.macos64_1.0.0.202411102158/tools/bin/../lib/gcc/arm-none-eabi/13.3.1/thumb/v7e-m+fp/hard/crti.o
LOAD /Applications/STMicroelectronics/STM32CubeIDE.app/Contents/Eclipse/plugins/com.st.stm32cube.ide.mcu.externaltools.gnu-tools-for-stm32.13.3.rel1.macos64_1.0.0.202411102158/tools/bin/../lib/gcc/arm-none-eabi/13.3.1/thumb/v7e-m+fp/hard/crtbegin.o
LOAD /Applications/STMicroelectronics/STM32CubeIDE.app/Contents/Eclipse/plugins/com.st.stm32cube.ide.mcu.externaltools.gnu-tools-for-stm32.13.3.rel1.macos64_1.0.0.202411102158/tools/bin/../lib/gcc/arm-none-eabi/13.3.1/../../../../arm-none-eabi/lib/thumb/v7e-m+fp/hard/crt0.o
LOAD ./Core/Src/gps.o
LOAD ./Core/Src/main.o
LOAD ./Core/Src/stm32l4xx_hal_msp.o
LOAD ./Core/Src/stm32l4xx_it.o
LOAD ./Core/Src/syscalls.o
LOAD ./Core/Src/sysmem.o
LOAD ./Core/Src/system_stm32l4xx.o
LOAD ./Core/Startup/startup_stm32l476rgtx.o
LOAD ./Drivers/STM32L4xx_HAL_Driver/Src/stm32l4xx_hal.o
LOAD ./Drivers/STM32L4xx_HAL_Driver/Src/stm32l4xx_hal_adc.o
LOAD ./Drivers/STM32L4xx_HAL_Driver/Src/stm32l4xx_hal_adc_ex.o
LOAD ./Drivers/STM32L4xx_HAL_Driver/Src/stm32l4xx_hal_cortex.o
LOAD ./Drivers/STM32L4xx_HAL_Driver/Src/stm32l4xx_hal_dma.o
LOAD ./Drivers/STM32L4xx_HAL_Driver/Src/stm32l4xx_hal_dma_ex.o
LOAD ./Drivers/STM32L4xx_HAL_Driver/Src/stm32l4xx_hal_exti.o
LOAD ./Drivers/STM32L4xx_HAL_Driver/Src/stm32l4xx_hal_flash.o
LOAD ./Drivers/STM32L4xx_HAL_Driver/Src/stm32l4xx_hal_flash_ex.o
LOAD ./Drivers/STM32L4xx_HAL_Driver/Src/stm32l4xx_hal_flash_ramfunc.o
LOAD ./Drivers/STM32L4xx_HAL_Driver/Src/stm32l4xx_hal_gpio.o
LOAD ./Drivers/STM32L4xx_HAL_Driver/Src/stm32l4xx_hal_i2c.o
LOAD ./Drivers/STM32L4xx_HAL_Driver/Src/stm32l4xx_hal_i2c_ex.o
LOAD ./Drivers/STM32L4xx_HAL_Driver/Src/stm32l4xx_hal_mmc.o
LOAD ./Drivers/STM32L4xx_HAL_Driver/Src/stm32l4xx_hal_mmc_ex.o
LOAD ./Drivers/STM32L4xx_HAL_Driver/Src/stm32l4xx_hal_pwr.o
LOAD ./Drivers/STM32L4xx_HAL_Driver/Src/stm32l4xx_hal_pwr_ex.o
LOAD ./Drivers/STM32L4xx_HAL_Driver/Src/stm32l4xx_hal_rcc.o
LOAD ./Drivers/STM32L4xx_HAL_Driver/Src/stm32l4xx_hal_rcc_ex.o
LOAD ./Drivers/STM32L4xx_HAL_Driver/Src/stm32l4xx_hal_rtc.o
LOAD ./Drivers/STM32L4xx_HAL_Driver/Src/stm32l4xx_hal_rtc_ex.o
LOAD ./Drivers/STM32L4xx_HAL_Driver/Src/stm32l4xx_hal_sd.o
LOAD ./Drivers/STM32L4xx_HAL_Driver/Src/stm32l4xx_hal_sd_ex.o
LOAD ./Drivers/STM32L4xx_HAL_Driver/Src/stm32l4xx_hal_uart.o
LOAD ./Drivers/STM32L4xx_HAL_Driver/Src/stm32l4xx_hal_uart_ex.o
LOAD ./Drivers/STM32L4xx_HAL_Driver/Src/stm32l4xx_ll_sdmmc.o
LOAD ./FATFS/App/fatfs.o
LOAD ./FATFS/Target/bsp_driver_sd.o
LOAD ./FATFS/Target/fatfs_platform.o
LOAD ./FATFS/Target/sd_diskio.o
LOAD ./Middlewares/Third_Party/FatFs/src/diskio.o
LOAD ./Middlewares/Third_Party/FatFs/src/ff.o
LOAD ./Middlewares/Third_Party/FatFs/src/ff_gen_drv.o
LOAD ./Middlewares/Third_Party/FatFs/src/option/ccsbcs.o
LOAD ./Middlewares/Third_Party/FatFs/src/option/syscall.o
START GROUP
LOAD /Applications/STMicroelectronics/STM32CubeIDE.app/Contents/Eclipse/plugins/com.st.stm32cube.ide.mcu.externaltools.gnu-tools-for-stm32.13.3.rel1.macos64_1.0.0.202411102158/tools/bin/../lib/gcc/arm-none-eabi/13.3.1/../../../../arm-none-eabi/lib/thumb/v7e-m+fp/hard/libc_nano.a
LOAD /Applications/STMicroelectronics/STM32CubeIDE.app/Contents/Eclipse/plugins/com.st.stm32cube.ide.mcu.externaltools.gnu-tools-for-stm32.13.3.rel1.macos64_1.0.0.202411102158/tools/bin/../lib/gcc/arm-none-eabi/13.3.1/../../../../arm-none-eabi/lib/thumb/v7e-m+fp/hard/libm.a
END GROUP
START GROUP
LOAD /Applications/STMicroelectronics/STM32CubeIDE.app/Contents/Eclipse/plugins/com.st.stm32cube.ide.mcu.externaltools.gnu-tools-for-stm32.13.3.rel1.macos64_1.0.0.202411102158/tools/bin/../lib/gcc/arm-none-eabi/13.3.1/thumb/v7e-m+fp/hard/libgcc.a
LOAD /Applications/STMicroelectronics/STM32CubeIDE.app/Contents/Eclipse/plugins/com.st.stm32cube.ide.mcu.externaltools.gnu-tools-for-stm32.13.3.rel1.macos64_1.0.0.202411102158/tools/bin/../lib/gcc/arm-none-eabi/13.3.1/../../../../arm-none-eabi/lib/thumb/v7e-m+fp/hard/libc_nano.a
END GROUP
START GROUP
LOAD /Applications/STMicroelectronics/STM32CubeIDE.app/Contents/Eclipse/plugins/com.st.stm32cube.ide.mcu.externaltools.gnu-tools-for-stm32.13.3.rel1.macos64_1.0.0.202411102158/tools/bin/../lib/gcc/arm-none-eabi/13.3.1/thumb/v7e-m+fp/hard/libgcc.a
LOAD /Applications/STMicroelectronics/STM32CubeIDE.app/Contents/Eclipse/plugins/com.st.stm32cube.ide.mcu.externaltools.gnu-tools-for-stm32.13.3.rel1.macos64_1.0.0.202411102158/tools/bin/../lib/gcc/arm-none-eabi/13.3.1/../../../../arm-none-eabi/lib/thumb/v7e-m+fp/hard/libc_nano.a
LOAD /Applications/STMicroelectronics/STM32CubeIDE.app/Contents/Eclipse/plugins/com.st.stm32cube.ide.mcu.externaltools.gnu-tools-for-stm32.13.3.rel1.macos64_1.0.0.202411102158/tools/bin/../lib/gcc/arm-none-eabi/13.3.1/../../../../arm-none-eabi/lib/thumb/v7e-m+fp/hard/libnosys.a
END GROUP
START GROUP
LOAD /Applications/STMicroelectronics/STM32CubeIDE.app/Contents/Eclipse/plugins/com.st.stm32cube.ide.mcu.externaltools.gnu-tools-for-stm32.13.3.rel1.macos64_1.0.0.202411102158/tools/bin/../lib/gcc/arm-none-eabi/13.3.1/thumb/v7e-m+fp/hard/libgcc.a
LOAD /Applications/STMicroelectronics/STM32CubeIDE.app/Contents/Eclipse/plugins/com.st.stm32cube.ide.mcu.externaltools.gnu-tools-for-stm32.13.3.rel1.macos64_1.0.0.202411102158/tools/bin/../lib/gcc/arm-none-eabi/13.3.1/../../../../arm-none-eabi/lib/thumb/v7e-m+fp/hard/libc_nano.a
LOAD /Applications/STMicroelectronics/STM32CubeIDE.app/Contents/Eclipse/plugins/com.st.stm32cube.ide.mcu.externaltools.gnu-tools-for-stm32.13.3.rel1.macos64_1.0.0.202411102158/tools/bin/../lib/gcc/arm-none-eabi/13.3.1/../../../../arm-none-eabi/lib/thumb/v7e-m+fp/hard/libnosys.a
END GROUP
LOAD /Applications/STMicroelectronics/STM32CubeIDE.app/Contents/Eclipse/plugins/com.st.stm32cube.ide.mcu.externaltools.gnu-tools-for-stm32.13.3.rel1.macos64_1.0.0.202411102158/tools/bin/../lib/gcc/arm-none-eabi/13.3.1/thumb/v7e-m+fp/hard/crtend.o
LOAD /Applications/STMicroelectronics/STM32CubeIDE.app/Contents/Eclipse/plugins/com.st.stm32cube.ide.mcu.externaltools.gnu-tools-for-stm32.13.3.rel1.macos64_1.0.0.202411102158/tools/bin/../lib/gcc/arm-none-eabi/13.3.1/thumb/v7e-m+fp/hard/crtn.o
                0x20018000                        _estack = (ORIGIN (RAM) + LENGTH (RAM))
                0x00000400                        _Min_Heap_Size = 0x400
                0x00000800                        _Min_Stack_Size = 0x800

.isr_vector     0x08000000      0x188
                0x08000000                        . = ALIGN (0x4)
 *(.isr_vector)
 .isr_vector    0x08000000      0x188 ./Core/Startup/startup_stm32l476rgtx.o
                0x08000000                g_pfnVectors
                0x08000188                        . = ALIGN (0x4)

.text           0x08000190    0x16218
                0x08000190                        . = ALIGN (0x4)
 *(.text)
 .text          0x08000190       0x40 /Applications/STMicroelectronics/STM32CubeIDE.app/Contents/Eclipse/plugins/com.st.stm32cube.ide.mcu.externaltools.gnu-tools-for-stm32.13.3.rel1.macos64_1.0.0.202411102158/tools/bin/../lib/gcc/arm-none-eabi/13.3.1/thumb/v7e-m+fp/hard/crtbegin.o
 .text          0x080001d0       0xa0 /Applications/STMicroelectronics/STM32CubeIDE.app/Contents/Eclipse/plugins/com.st.stm32cube.ide.mcu.externaltools.gnu-tools-for-stm32.13.3.rel1.macos64_1.0.0.202411102158/tools/bin/../lib/gcc/arm-none-eabi/13.3.1/../../../../arm-none-eabi/lib/thumb/v7e-m+fp/hard/libc_nano.a(libc_a-memchr.o)
                0x080001d0                memchr
 .text          0x08000270       0x10 /Applications/STMicroelectronics/STM32CubeIDE.app/Contents/Eclipse/plugins/com.st.stm32cube.ide.mcu.externaltools.gnu-tools-for-stm32.13.3.rel1.macos64_1.0.0.202411102158/tools/bin/../lib/gcc/arm-none-eabi/13.3.1/../../../../arm-none-eabi/lib/thumb/v7e-m+fp/hard/libc_nano.a(libc_a-strlen.o)
                0x08000270                strlen
 .text          0x08000280      0x378 /Applications/STMicroelectronics/STM32CubeIDE.app/Contents/Eclipse/plugins/com.st.stm32cube.ide.mcu.externaltools.gnu-tools-for-stm32.13.3.rel1.macos64_1.0.0.202411102158/tools/bin/../lib/gcc/arm-none-eabi/13.3.1/thumb/v7e-m+fp/hard/libgcc.a(_arm_addsubdf3.o)
                0x08000280                __aeabi_drsub
                0x08000288                __subdf3
                0x08000288                __aeabi_dsub
                0x0800028c                __aeabi_dadd
                0x0800028c                __adddf3
                0x08000504                __aeabi_ui2d
                0x08000504                __floatunsidf
                0x08000524                __floatsidf
                0x08000524                __aeabi_i2d
                0x08000548                __extendsfdf2
                0x08000548                __aeabi_f2d
                0x0800058c                __aeabi_ul2d
                0x0800058c                __floatundidf
                0x0800059c                __aeabi_l2d
                0x0800059c                __floatdidf
 .text          0x080005f8      0x424 /Applications/STMicroelectronics/STM32CubeIDE.app/Contents/Eclipse/plugins/com.st.stm32cube.ide.mcu.externaltools.gnu-tools-for-stm32.13.3.rel1.macos64_1.0.0.202411102158/tools/bin/../lib/gcc/arm-none-eabi/13.3.1/thumb/v7e-m+fp/hard/libgcc.a(_arm_muldivdf3.o)
                0x080005f8                __aeabi_dmul
                0x080005f8                __muldf3
                0x0800084c                __aeabi_ddiv
                0x0800084c                __divdf3
 .text          0x08000a1c      0x110 /Applications/STMicroelectronics/STM32CubeIDE.app/Contents/Eclipse/plugins/com.st.stm32cube.ide.mcu.externaltools.gnu-tools-for-stm32.13.3.rel1.macos64_1.0.0.202411102158/tools/bin/../lib/gcc/arm-none-eabi/13.3.1/thumb/v7e-m+fp/hard/libgcc.a(_arm_cmpdf2.o)
                0x08000a1c                __gedf2
                0x08000a1c                __gtdf2
                0x08000a24                __ledf2
                0x08000a24                __ltdf2
                0x08000a2c                __cmpdf2
                0x08000a2c                __eqdf2
                0x08000a2c                __nedf2
                0x08000aa8                __aeabi_cdrcmple
                0x08000ab8                __aeabi_cdcmple
                0x08000ab8                __aeabi_cdcmpeq
                0x08000ac8                __aeabi_dcmpeq
                0x08000adc                __aeabi_dcmplt
                0x08000af0                __aeabi_dcmple
                0x08000b04                __aeabi_dcmpge
                0x08000b18                __aeabi_dcmpgt
 .text          0x08000b2c       0x2c /Applications/STMicroelectronics/STM32CubeIDE.app/Contents/Eclipse/plugins/com.st.stm32cube.ide.mcu.externaltools.gnu-tools-for-stm32.13.3.rel1.macos64_1.0.0.202411102158/tools/bin/../lib/gcc/arm-none-eabi/13.3.1/thumb/v7e-m+fp/hard/libgcc.a(_arm_unorddf2.o)
                0x08000b2c                __aeabi_dcmpun
                0x08000b2c                __unorddf2
 .text          0x08000b58       0x50 /Applications/STMicroelectronics/STM32CubeIDE.app/Contents/Eclipse/plugins/com.st.stm32cube.ide.mcu.externaltools.gnu-tools-for-stm32.13.3.rel1.macos64_1.0.0.202411102158/tools/bin/../lib/gcc/arm-none-eabi/13.3.1/thumb/v7e-m+fp/hard/libgcc.a(_arm_fixdfsi.o)
                0x08000b58                __fixdfsi
                0x08000b58                __aeabi_d2iz
 .text          0x08000ba8       0x40 /Applications/STMicroelectronics/STM32CubeIDE.app/Contents/Eclipse/plugins/com.st.stm32cube.ide.mcu.externaltools.gnu-tools-for-stm32.13.3.rel1.macos64_1.0.0.202411102158/tools/bin/../lib/gcc/arm-none-eabi/13.3.1/thumb/v7e-m+fp/hard/libgcc.a(_arm_fixunsdfsi.o)
                0x08000ba8                __fixunsdfsi
                0x08000ba8                __aeabi_d2uiz
 .text          0x08000be8       0xa0 /Applications/STMicroelectronics/STM32CubeIDE.app/Contents/Eclipse/plugins/com.st.stm32cube.ide.mcu.externaltools.gnu-tools-for-stm32.13.3.rel1.macos64_1.0.0.202411102158/tools/bin/../lib/gcc/arm-none-eabi/13.3.1/thumb/v7e-m+fp/hard/libgcc.a(_arm_truncdfsf2.o)
                0x08000be8                __aeabi_d2f
                0x08000be8                __truncdfsf2
 .text          0x08000c88       0x30 /Applications/STMicroelectronics/STM32CubeIDE.app/Contents/Eclipse/plugins/com.st.stm32cube.ide.mcu.externaltools.gnu-tools-for-stm32.13.3.rel1.macos64_1.0.0.202411102158/tools/bin/../lib/gcc/arm-none-eabi/13.3.1/thumb/v7e-m+fp/hard/libgcc.a(_aeabi_uldivmod.o)
                0x08000c88                __aeabi_uldivmod
 .text          0x08000cb8       0x30 /Applications/STMicroelectronics/STM32CubeIDE.app/Contents/Eclipse/plugins/com.st.stm32cube.ide.mcu.externaltools.gnu-tools-for-stm32.13.3.rel1.macos64_1.0.0.202411102158/tools/bin/../lib/gcc/arm-none-eabi/13.3.1/thumb/v7e-m+fp/hard/libgcc.a(_fixdfdi.o)
                0x08000cb8                __aeabi_d2lz
                0x08000cb8                __fixdfdi
 .text          0x08000ce8       0x3c /Applications/STMicroelectronics/STM32CubeIDE.app/Contents/Eclipse/plugins/com.st.stm32cube.ide.mcu.externaltools.gnu-tools-for-stm32.13.3.rel1.macos64_1.0.0.202411102158/tools/bin/../lib/gcc/arm-none-eabi/13.3.1/thumb/v7e-m+fp/hard/libgcc.a(_fixunsdfdi.o)
                0x08000ce8                __aeabi_d2ulz
                0x08000ce8                __fixunsdfdi
 .text          0x08000d24      0x2f8 /Applications/STMicroelectronics/STM32CubeIDE.app/Contents/Eclipse/plugins/com.st.stm32cube.ide.mcu.externaltools.gnu-tools-for-stm32.13.3.rel1.macos64_1.0.0.202411102158/tools/bin/../lib/gcc/arm-none-eabi/13.3.1/thumb/v7e-m+fp/hard/libgcc.a(_udivmoddi4.o)
                0x08000d24                __udivmoddi4
 .text          0x0800101c        0x4 /Applications/STMicroelectronics/STM32CubeIDE.app/Contents/Eclipse/plugins/com.st.stm32cube.ide.mcu.externaltools.gnu-tools-for-stm32.13.3.rel1.macos64_1.0.0.202411102158/tools/bin/../lib/gcc/arm-none-eabi/13.3.1/thumb/v7e-m+fp/hard/libgcc.a(_dvmd_tls.o)
                0x0800101c                __aeabi_ldiv0
                0x0800101c                __aeabi_idiv0
 *(.text*)
 .text.parseNMEA
                0x08001020      0x328 ./Core/Src/gps.o
                0x08001020                parseNMEA
 .text.toepoch  0x08001348      0x120 ./Core/Src/main.o
                0x08001348                toepoch
 .text.fromepoch
                0x08001468      0x20c ./Core/Src/main.o
                0x08001468                fromepoch
 .text.__io_putchar
                0x08001674       0x24 ./Core/Src/main.o
                0x08001674                __io_putchar
 .text.blink    0x08001698       0x50 ./Core/Src/main.o
                0x08001698                blink
 .text.log_printf
                0x080016e8       0x80 ./Core/Src/main.o
                0x080016e8                log_printf
 .text.BSP_SD_ReadBlocks_DMA
                0x08001768       0x50 ./Core/Src/main.o
                0x08001768                BSP_SD_ReadBlocks_DMA
 .text.BSP_SD_WriteBlocks_DMA
                0x080017b8       0x50 ./Core/Src/main.o
                0x080017b8                BSP_SD_WriteBlocks_DMA
 .text.HAL_GPIO_EXTI_Callback
                0x08001808       0x64 ./Core/Src/main.o
                0x08001808                HAL_GPIO_EXTI_Callback
 .text.Read_I2C_Reg
                0x0800186c       0x74 ./Core/Src/main.o
                0x0800186c                Read_I2C_Reg
 .text.Read_I2C_Reg_NoStop
                0x080018e0       0x64 ./Core/Src/main.o
                0x080018e0                Read_I2C_Reg_NoStop
 .text.Write_I2C_Reg
                0x08001944       0x60 ./Core/Src/main.o
                0x08001944                Write_I2C_Reg
 .text.Get_Acc  0x080019a4      0x15c ./Core/Src/main.o
                0x080019a4                Get_Acc
 .text.Get_TPSens2
                0x08001b00      0x158 ./Core/Src/main.o
                0x08001b00                Get_TPSens2
 .text.main     0x08001c58      0xa6c ./Core/Src/main.o
                0x08001c58                main
 .text.SystemClock_Config
                0x080026c4       0xa6 ./Core/Src/main.o
                0x080026c4                SystemClock_Config
 .text.PeriphCommonClock_Config
                0x0800276a       0x5c ./Core/Src/main.o
                0x0800276a                PeriphCommonClock_Config
 *fill*         0x080027c6        0x2 
 .text.MX_ADC1_Init
                0x080027c8       0xec ./Core/Src/main.o
 .text.MX_I2C1_Init
                0x080028b4       0x80 ./Core/Src/main.o
 .text.MX_LPUART1_UART_Init
                0x08002934       0x5c ./Core/Src/main.o
 .text.MX_USART1_UART_Init
                0x08002990       0x60 ./Core/Src/main.o
 .text.MX_USART2_UART_Init
                0x080029f0       0x60 ./Core/Src/main.o
 .text.MX_RTC_Init
                0x08002a50       0x68 ./Core/Src/main.o
 .text.MX_SDMMC1_SD_Init
                0x08002ab8       0x44 ./Core/Src/main.o
 .text.MX_DMA_Init
                0x08002afc       0x4c ./Core/Src/main.o
 .text.MX_GPIO_Init
                0x08002b48      0x138 ./Core/Src/main.o
 .text.Error_Handler
                0x08002c80       0x1c ./Core/Src/main.o
                0x08002c80                Error_Handler
 .text.HAL_MspInit
                0x08002c9c       0x48 ./Core/Src/stm32l4xx_hal_msp.o
                0x08002c9c                HAL_MspInit
 .text.HAL_ADC_MspInit
                0x08002ce4       0x40 ./Core/Src/stm32l4xx_hal_msp.o
                0x08002ce4                HAL_ADC_MspInit
 .text.HAL_I2C_MspInit
                0x08002d24       0xdc ./Core/Src/stm32l4xx_hal_msp.o
                0x08002d24                HAL_I2C_MspInit
 .text.HAL_UART_MspInit
                0x08002e00      0x224 ./Core/Src/stm32l4xx_hal_msp.o
                0x08002e00                HAL_UART_MspInit
 .text.HAL_RTC_MspInit
                0x08003024       0x64 ./Core/Src/stm32l4xx_hal_msp.o
                0x08003024                HAL_RTC_MspInit
 .text.HAL_SD_MspInit
                0x08003088      0x13c ./Core/Src/stm32l4xx_hal_msp.o
                0x08003088                HAL_SD_MspInit
 .text.NMI_Handler
                0x080031c4        0x8 ./Core/Src/stm32l4xx_it.o
                0x080031c4                NMI_Handler
 .text.HardFault_Handler
                0x080031cc        0x8 ./Core/Src/stm32l4xx_it.o
                0x080031cc                HardFault_Handler
 .text.MemManage_Handler
                0x080031d4        0x8 ./Core/Src/stm32l4xx_it.o
                0x080031d4                MemManage_Handler
 .text.BusFault_Handler
                0x080031dc        0x8 ./Core/Src/stm32l4xx_it.o
                0x080031dc                BusFault_Handler
 .text.UsageFault_Handler
                0x080031e4        0x8 ./Core/Src/stm32l4xx_it.o
                0x080031e4                UsageFault_Handler
 .text.SVC_Handler
                0x080031ec        0xe ./Core/Src/stm32l4xx_it.o
                0x080031ec                SVC_Handler
 .text.DebugMon_Handler
                0x080031fa        0xe ./Core/Src/stm32l4xx_it.o
                0x080031fa                DebugMon_Handler
 .text.PendSV_Handler
                0x08003208        0xe ./Core/Src/stm32l4xx_it.o
                0x08003208                PendSV_Handler
 .text.SysTick_Handler
                0x08003216        0xc ./Core/Src/stm32l4xx_it.o
                0x08003216                SysTick_Handler
 *fill*         0x08003222        0x2 
 .text.I2C1_EV_IRQHandler
                0x08003224       0x14 ./Core/Src/stm32l4xx_it.o
                0x08003224                I2C1_EV_IRQHandler
 .text.I2C1_ER_IRQHandler
                0x08003238       0x14 ./Core/Src/stm32l4xx_it.o
                0x08003238                I2C1_ER_IRQHandler
 .text.USART1_IRQHandler
                0x0800324c       0x14 ./Core/Src/stm32l4xx_it.o
                0x0800324c                USART1_IRQHandler
 .text.EXTI15_10_IRQHandler
                0x08003260       0x10 ./Core/Src/stm32l4xx_it.o
                0x08003260                EXTI15_10_IRQHandler
 .text.SDMMC1_IRQHandler
                0x08003270       0x14 ./Core/Src/stm32l4xx_it.o
                0x08003270                SDMMC1_IRQHandler
 .text.DMA2_Channel4_IRQHandler
                0x08003284       0x1c ./Core/Src/stm32l4xx_it.o
                0x08003284                DMA2_Channel4_IRQHandler
 .text.DMA2_Channel5_IRQHandler
                0x080032a0       0x1c ./Core/Src/stm32l4xx_it.o
                0x080032a0                DMA2_Channel5_IRQHandler
 .text._getpid  0x080032bc       0x10 ./Core/Src/syscalls.o
                0x080032bc                _getpid
 .text._kill    0x080032cc       0x20 ./Core/Src/syscalls.o
                0x080032cc                _kill
 .text._exit    0x080032ec       0x16 ./Core/Src/syscalls.o
                0x080032ec                _exit
 .text._read    0x08003302       0x3a ./Core/Src/syscalls.o
                0x08003302                _read
 .text._write   0x0800333c       0x38 ./Core/Src/syscalls.o
                0x0800333c                _write
 .text._close   0x08003374       0x18 ./Core/Src/syscalls.o
                0x08003374                _close
 .text._fstat   0x0800338c       0x20 ./Core/Src/syscalls.o
                0x0800338c                _fstat
 .text._isatty  0x080033ac       0x16 ./Core/Src/syscalls.o
                0x080033ac                _isatty
 .text._lseek   0x080033c2       0x1a ./Core/Src/syscalls.o
                0x080033c2                _lseek
 .text._sbrk    0x080033dc       0x6c ./Core/Src/sysmem.o
                0x080033dc                _sbrk
 .text.SystemInit
                0x08003448       0x24 ./Core/Src/system_stm32l4xx.o
                0x08003448                SystemInit
 .text.Reset_Handler
                0x0800346c       0x50 ./Core/Startup/startup_stm32l476rgtx.o
                0x0800346c                Reset_Handler
 .text.Default_Handler
                0x080034bc        0x2 ./Core/Startup/startup_stm32l476rgtx.o
                0x080034bc                TIM1_BRK_TIM15_IRQHandler
                0x080034bc                EXTI2_IRQHandler
                0x080034bc                TIM8_TRG_COM_IRQHandler
                0x080034bc                TIM8_CC_IRQHandler
                0x080034bc                TIM1_CC_IRQHandler
                0x080034bc                TSC_IRQHandler
                0x080034bc                TAMP_STAMP_IRQHandler
                0x080034bc                EXTI3_IRQHandler
                0x080034bc                LPTIM2_IRQHandler
                0x080034bc                DFSDM1_FLT1_IRQHandler
                0x080034bc                I2C3_ER_IRQHandler
                0x080034bc                DFSDM1_FLT2_IRQHandler
                0x080034bc                EXTI0_IRQHandler
                0x080034bc                I2C2_EV_IRQHandler
                0x080034bc                CAN1_RX0_IRQHandler
                0x080034bc                FPU_IRQHandler
                0x080034bc                TIM1_UP_TIM16_IRQHandler
                0x080034bc                ADC1_2_IRQHandler
                0x080034bc                SPI1_IRQHandler
                0x080034bc                TIM6_DAC_IRQHandler
                0x080034bc                TIM8_UP_IRQHandler
                0x080034bc                DMA2_Channel2_IRQHandler
                0x080034bc                DMA1_Channel4_IRQHandler
                0x080034bc                SAI2_IRQHandler
                0x080034bc                DFSDM1_FLT3_IRQHandler
                0x080034bc                USART3_IRQHandler
                0x080034bc                DMA1_Channel7_IRQHandler
                0x080034bc                CAN1_RX1_IRQHandler
                0x080034bc                LCD_IRQHandler
                0x080034bc                UART5_IRQHandler
                0x080034bc                ADC3_IRQHandler
                0x080034bc                TIM4_IRQHandler
                0x080034bc                DMA2_Channel1_IRQHandler
                0x080034bc                QUADSPI_IRQHandler
                0x080034bc                DMA1_Channel6_IRQHandler
                0x080034bc                UART4_IRQHandler
                0x080034bc                TIM3_IRQHandler
                0x080034bc                RCC_IRQHandler
                0x080034bc                DMA1_Channel1_IRQHandler
                0x080034bc                Default_Handler
                0x080034bc                DMA2_Channel7_IRQHandler
                0x080034bc                TIM7_IRQHandler
                0x080034bc                TIM5_IRQHandler
                0x080034bc                I2C3_EV_IRQHandler
                0x080034bc                EXTI9_5_IRQHandler
                0x080034bc                RTC_WKUP_IRQHandler
                0x080034bc                PVD_PVM_IRQHandler
                0x080034bc                SPI2_IRQHandler
                0x080034bc                CAN1_TX_IRQHandler
                0x080034bc                DMA1_Channel5_IRQHandler
                0x080034bc                EXTI4_IRQHandler
                0x080034bc                RNG_IRQHandler
                0x080034bc                TIM1_TRG_COM_TIM17_IRQHandler
                0x080034bc                DMA1_Channel3_IRQHandler
                0x080034bc                COMP_IRQHandler
                0x080034bc                WWDG_IRQHandler
                0x080034bc                LPUART1_IRQHandler
                0x080034bc                DMA2_Channel6_IRQHandler
                0x080034bc                TIM2_IRQHandler
                0x080034bc                EXTI1_IRQHandler
                0x080034bc                USART2_IRQHandler
                0x080034bc                DFSDM1_FLT0_IRQHandler
                0x080034bc                I2C2_ER_IRQHandler
                0x080034bc                DMA1_Channel2_IRQHandler
                0x080034bc                TIM8_BRK_IRQHandler
                0x080034bc                CAN1_SCE_IRQHandler
                0x080034bc                FLASH_IRQHandler
                0x080034bc                OTG_FS_IRQHandler
                0x080034bc                SPI3_IRQHandler
                0x080034bc                FMC_IRQHandler
                0x080034bc                SWPMI1_IRQHandler
                0x080034bc                LPTIM1_IRQHandler
                0x080034bc                SAI1_IRQHandler
                0x080034bc                DMA2_Channel3_IRQHandler
                0x080034bc                RTC_Alarm_IRQHandler
 *fill*         0x080034be        0x2 
 .text.HAL_Init
                0x080034c0       0x40 ./Drivers/STM32L4xx_HAL_Driver/Src/stm32l4xx_hal.o
                0x080034c0                HAL_Init
 .text.HAL_InitTick
                0x08003500       0x78 ./Drivers/STM32L4xx_HAL_Driver/Src/stm32l4xx_hal.o
                0x08003500                HAL_InitTick
 .text.HAL_IncTick
                0x08003578       0x28 ./Drivers/STM32L4xx_HAL_Driver/Src/stm32l4xx_hal.o
                0x08003578                HAL_IncTick
 .text.HAL_GetTick
                0x080035a0       0x18 ./Drivers/STM32L4xx_HAL_Driver/Src/stm32l4xx_hal.o
                0x080035a0                HAL_GetTick
 .text.HAL_Delay
                0x080035b8       0x48 ./Drivers/STM32L4xx_HAL_Driver/Src/stm32l4xx_hal.o
                0x080035b8                HAL_Delay
 .text.LL_ADC_SetCommonClock
                0x08003600       0x26 ./Drivers/STM32L4xx_HAL_Driver/Src/stm32l4xx_hal_adc.o
 .text.LL_ADC_SetCommonPathInternalCh
                0x08003626       0x26 ./Drivers/STM32L4xx_HAL_Driver/Src/stm32l4xx_hal_adc.o
 .text.LL_ADC_GetCommonPathInternalCh
                0x0800364c       0x1c ./Drivers/STM32L4xx_HAL_Driver/Src/stm32l4xx_hal_adc.o
 .text.LL_ADC_SetOffset
                0x08003668       0x48 ./Drivers/STM32L4xx_HAL_Driver/Src/stm32l4xx_hal_adc.o
 .text.LL_ADC_GetOffsetChannel
                0x080036b0       0x2c ./Drivers/STM32L4xx_HAL_Driver/Src/stm32l4xx_hal_adc.o
 .text.LL_ADC_SetOffsetState
                0x080036dc       0x36 ./Drivers/STM32L4xx_HAL_Driver/Src/stm32l4xx_hal_adc.o
 .text.LL_ADC_REG_IsTriggerSourceSWStart
                0x08003712       0x26 ./Drivers/STM32L4xx_HAL_Driver/Src/stm32l4xx_hal_adc.o
 .text.LL_ADC_REG_SetSequencerRanks
                0x08003738       0x58 ./Drivers/STM32L4xx_HAL_Driver/Src/stm32l4xx_hal_adc.o
 .text.LL_ADC_SetChannelSamplingTime
                0x08003790       0x56 ./Drivers/STM32L4xx_HAL_Driver/Src/stm32l4xx_hal_adc.o
 *fill*         0x080037e6        0x2 
 .text.LL_ADC_SetChannelSingleDiff
                0x080037e8       0x48 ./Drivers/STM32L4xx_HAL_Driver/Src/stm32l4xx_hal_adc.o
 .text.LL_ADC_GetMultimode
                0x08003830       0x1c ./Drivers/STM32L4xx_HAL_Driver/Src/stm32l4xx_hal_adc.o
 .text.LL_ADC_GetMultiDMATransfer
                0x0800384c       0x1c ./Drivers/STM32L4xx_HAL_Driver/Src/stm32l4xx_hal_adc.o
 .text.LL_ADC_DisableDeepPowerDown
                0x08003868       0x24 ./Drivers/STM32L4xx_HAL_Driver/Src/stm32l4xx_hal_adc.o
 .text.LL_ADC_IsDeepPowerDownEnabled
                0x0800388c       0x28 ./Drivers/STM32L4xx_HAL_Driver/Src/stm32l4xx_hal_adc.o
 .text.LL_ADC_EnableInternalRegulator
                0x080038b4       0x28 ./Drivers/STM32L4xx_HAL_Driver/Src/stm32l4xx_hal_adc.o
 .text.LL_ADC_IsInternalRegulatorEnabled
                0x080038dc       0x28 ./Drivers/STM32L4xx_HAL_Driver/Src/stm32l4xx_hal_adc.o
 .text.LL_ADC_Enable
                0x08003904       0x28 ./Drivers/STM32L4xx_HAL_Driver/Src/stm32l4xx_hal_adc.o
 .text.LL_ADC_Disable
                0x0800392c       0x28 ./Drivers/STM32L4xx_HAL_Driver/Src/stm32l4xx_hal_adc.o
 .text.LL_ADC_IsEnabled
                0x08003954       0x26 ./Drivers/STM32L4xx_HAL_Driver/Src/stm32l4xx_hal_adc.o
 .text.LL_ADC_IsDisableOngoing
                0x0800397a       0x26 ./Drivers/STM32L4xx_HAL_Driver/Src/stm32l4xx_hal_adc.o
 .text.LL_ADC_REG_StartConversion
                0x080039a0       0x28 ./Drivers/STM32L4xx_HAL_Driver/Src/stm32l4xx_hal_adc.o
 .text.LL_ADC_REG_IsConversionOngoing
                0x080039c8       0x26 ./Drivers/STM32L4xx_HAL_Driver/Src/stm32l4xx_hal_adc.o
 .text.LL_ADC_INJ_IsConversionOngoing
                0x080039ee       0x26 ./Drivers/STM32L4xx_HAL_Driver/Src/stm32l4xx_hal_adc.o
 .text.HAL_ADC_Init
                0x08003a14      0x2a0 ./Drivers/STM32L4xx_HAL_Driver/Src/stm32l4xx_hal_adc.o
                0x08003a14                HAL_ADC_Init
 .text.HAL_ADC_Start
                0x08003cb4      0x174 ./Drivers/STM32L4xx_HAL_Driver/Src/stm32l4xx_hal_adc.o
                0x08003cb4                HAL_ADC_Start
 .text.HAL_ADC_PollForConversion
                0x08003e28      0x1b0 ./Drivers/STM32L4xx_HAL_Driver/Src/stm32l4xx_hal_adc.o
                0x08003e28                HAL_ADC_PollForConversion
 .text.HAL_ADC_GetValue
                0x08003fd8       0x1a ./Drivers/STM32L4xx_HAL_Driver/Src/stm32l4xx_hal_adc.o
                0x08003fd8                HAL_ADC_GetValue
 *fill*         0x08003ff2        0x2 
 .text.HAL_ADC_ConfigChannel
                0x08003ff4      0x7e4 ./Drivers/STM32L4xx_HAL_Driver/Src/stm32l4xx_hal_adc.o
                0x08003ff4                HAL_ADC_ConfigChannel
 .text.ADC_Enable
                0x080047d8      0x10c ./Drivers/STM32L4xx_HAL_Driver/Src/stm32l4xx_hal_adc.o
                0x080047d8                ADC_Enable
 .text.ADC_Disable
                0x080048e4       0xbe ./Drivers/STM32L4xx_HAL_Driver/Src/stm32l4xx_hal_adc.o
                0x080048e4                ADC_Disable
 .text.LL_ADC_IsEnabled
                0x080049a2       0x26 ./Drivers/STM32L4xx_HAL_Driver/Src/stm32l4xx_hal_adc_ex.o
 .text.LL_ADC_StartCalibration
                0x080049c8       0x32 ./Drivers/STM32L4xx_HAL_Driver/Src/stm32l4xx_hal_adc_ex.o
 .text.LL_ADC_IsCalibrationOnGoing
                0x080049fa       0x28 ./Drivers/STM32L4xx_HAL_Driver/Src/stm32l4xx_hal_adc_ex.o
 .text.LL_ADC_REG_IsConversionOngoing
                0x08004a22       0x26 ./Drivers/STM32L4xx_HAL_Driver/Src/stm32l4xx_hal_adc_ex.o
 .text.HAL_ADCEx_Calibration_Start
                0x08004a48       0xc0 ./Drivers/STM32L4xx_HAL_Driver/Src/stm32l4xx_hal_adc_ex.o
                0x08004a48                HAL_ADCEx_Calibration_Start
 .text.HAL_ADCEx_MultiModeConfigChannel
                0x08004b08      0x160 ./Drivers/STM32L4xx_HAL_Driver/Src/stm32l4xx_hal_adc_ex.o
                0x08004b08                HAL_ADCEx_MultiModeConfigChannel
 .text.__NVIC_SetPriorityGrouping
                0x08004c68       0x48 ./Drivers/STM32L4xx_HAL_Driver/Src/stm32l4xx_hal_cortex.o
 .text.__NVIC_GetPriorityGrouping
                0x08004cb0       0x1c ./Drivers/STM32L4xx_HAL_Driver/Src/stm32l4xx_hal_cortex.o
 .text.__NVIC_EnableIRQ
                0x08004ccc       0x3c ./Drivers/STM32L4xx_HAL_Driver/Src/stm32l4xx_hal_cortex.o
 .text.__NVIC_SetPriority
                0x08004d08       0x54 ./Drivers/STM32L4xx_HAL_Driver/Src/stm32l4xx_hal_cortex.o
 .text.NVIC_EncodePriority
                0x08004d5c       0x66 ./Drivers/STM32L4xx_HAL_Driver/Src/stm32l4xx_hal_cortex.o
 *fill*         0x08004dc2        0x2 
 .text.SysTick_Config
                0x08004dc4       0x44 ./Drivers/STM32L4xx_HAL_Driver/Src/stm32l4xx_hal_cortex.o
 .text.HAL_NVIC_SetPriorityGrouping
                0x08004e08       0x16 ./Drivers/STM32L4xx_HAL_Driver/Src/stm32l4xx_hal_cortex.o
                0x08004e08                HAL_NVIC_SetPriorityGrouping
 .text.HAL_NVIC_SetPriority
                0x08004e1e       0x38 ./Drivers/STM32L4xx_HAL_Driver/Src/stm32l4xx_hal_cortex.o
                0x08004e1e                HAL_NVIC_SetPriority
 .text.HAL_NVIC_EnableIRQ
                0x08004e56       0x1c ./Drivers/STM32L4xx_HAL_Driver/Src/stm32l4xx_hal_cortex.o
                0x08004e56                HAL_NVIC_EnableIRQ
 .text.HAL_SYSTICK_Config
                0x08004e72       0x18 ./Drivers/STM32L4xx_HAL_Driver/Src/stm32l4xx_hal_cortex.o
                0x08004e72                HAL_SYSTICK_Config
 *fill*         0x08004e8a        0x2 
 .text.HAL_DMA_Init
                0x08004e8c      0x170 ./Drivers/STM32L4xx_HAL_Driver/Src/stm32l4xx_hal_dma.o
                0x08004e8c                HAL_DMA_Init
 .text.HAL_DMA_DeInit
                0x08004ffc      0x124 ./Drivers/STM32L4xx_HAL_Driver/Src/stm32l4xx_hal_dma.o
                0x08004ffc                HAL_DMA_DeInit
 .text.HAL_DMA_Start_IT
                0x08005120       0xc0 ./Drivers/STM32L4xx_HAL_Driver/Src/stm32l4xx_hal_dma.o
                0x08005120                HAL_DMA_Start_IT
 .text.HAL_DMA_Abort
                0x080051e0       0x7c ./Drivers/STM32L4xx_HAL_Driver/Src/stm32l4xx_hal_dma.o
                0x080051e0                HAL_DMA_Abort
 .text.HAL_DMA_Abort_IT
                0x0800525c       0x82 ./Drivers/STM32L4xx_HAL_Driver/Src/stm32l4xx_hal_dma.o
                0x0800525c                HAL_DMA_Abort_IT
 .text.HAL_DMA_IRQHandler
                0x080052de      0x15e ./Drivers/STM32L4xx_HAL_Driver/Src/stm32l4xx_hal_dma.o
                0x080052de                HAL_DMA_IRQHandler
 .text.HAL_DMA_GetState
                0x0800543c       0x1c ./Drivers/STM32L4xx_HAL_Driver/Src/stm32l4xx_hal_dma.o
                0x0800543c                HAL_DMA_GetState
 .text.DMA_SetConfig
                0x08005458       0x60 ./Drivers/STM32L4xx_HAL_Driver/Src/stm32l4xx_hal_dma.o
 .text.HAL_GPIO_Init
                0x080054b8      0x354 ./Drivers/STM32L4xx_HAL_Driver/Src/stm32l4xx_hal_gpio.o
                0x080054b8                HAL_GPIO_Init
 .text.HAL_GPIO_ReadPin
                0x0800580c       0x30 ./Drivers/STM32L4xx_HAL_Driver/Src/stm32l4xx_hal_gpio.o
                0x0800580c                HAL_GPIO_ReadPin
 .text.HAL_GPIO_WritePin
                0x0800583c       0x30 ./Drivers/STM32L4xx_HAL_Driver/Src/stm32l4xx_hal_gpio.o
                0x0800583c                HAL_GPIO_WritePin
 .text.HAL_GPIO_EXTI_IRQHandler
                0x0800586c       0x30 ./Drivers/STM32L4xx_HAL_Driver/Src/stm32l4xx_hal_gpio.o
                0x0800586c                HAL_GPIO_EXTI_IRQHandler
 .text.HAL_I2C_Init
                0x0800589c      0x136 ./Drivers/STM32L4xx_HAL_Driver/Src/stm32l4xx_hal_i2c.o
                0x0800589c                HAL_I2C_Init
 *fill*         0x080059d2        0x2 
 .text.HAL_I2C_Master_Transmit
                0x080059d4      0x230 ./Drivers/STM32L4xx_HAL_Driver/Src/stm32l4xx_hal_i2c.o
                0x080059d4                HAL_I2C_Master_Transmit
 .text.HAL_I2C_Master_Receive
                0x08005c04      0x1ec ./Drivers/STM32L4xx_HAL_Driver/Src/stm32l4xx_hal_i2c.o
                0x08005c04                HAL_I2C_Master_Receive
 .text.HAL_I2C_Mem_Read
                0x08005df0      0x234 ./Drivers/STM32L4xx_HAL_Driver/Src/stm32l4xx_hal_i2c.o
                0x08005df0                HAL_I2C_Mem_Read
 .text.HAL_I2C_EV_IRQHandler
                0x08006024       0x34 ./Drivers/STM32L4xx_HAL_Driver/Src/stm32l4xx_hal_i2c.o
                0x08006024                HAL_I2C_EV_IRQHandler
 .text.HAL_I2C_ER_IRQHandler
                0x08006058       0xc2 ./Drivers/STM32L4xx_HAL_Driver/Src/stm32l4xx_hal_i2c.o
                0x08006058                HAL_I2C_ER_IRQHandler
 .text.HAL_I2C_SlaveTxCpltCallback
                0x0800611a       0x14 ./Drivers/STM32L4xx_HAL_Driver/Src/stm32l4xx_hal_i2c.o
                0x0800611a                HAL_I2C_SlaveTxCpltCallback
 .text.HAL_I2C_SlaveRxCpltCallback
                0x0800612e       0x14 ./Drivers/STM32L4xx_HAL_Driver/Src/stm32l4xx_hal_i2c.o
                0x0800612e                HAL_I2C_SlaveRxCpltCallback
 .text.HAL_I2C_AddrCallback
                0x08006142       0x1c ./Drivers/STM32L4xx_HAL_Driver/Src/stm32l4xx_hal_i2c.o
                0x08006142                HAL_I2C_AddrCallback
 .text.HAL_I2C_ListenCpltCallback
                0x0800615e       0x14 ./Drivers/STM32L4xx_HAL_Driver/Src/stm32l4xx_hal_i2c.o
                0x0800615e                HAL_I2C_ListenCpltCallback
 .text.HAL_I2C_ErrorCallback
                0x08006172       0x14 ./Drivers/STM32L4xx_HAL_Driver/Src/stm32l4xx_hal_i2c.o
                0x08006172                HAL_I2C_ErrorCallback
 .text.HAL_I2C_AbortCpltCallback
                0x08006186       0x14 ./Drivers/STM32L4xx_HAL_Driver/Src/stm32l4xx_hal_i2c.o
                0x08006186                HAL_I2C_AbortCpltCallback
 .text.I2C_Slave_ISR_IT
                0x0800619a      0x208 ./Drivers/STM32L4xx_HAL_Driver/Src/stm32l4xx_hal_i2c.o
 *fill*         0x080063a2        0x2 
 .text.I2C_RequestMemoryRead
                0x080063a4       0xa8 ./Drivers/STM32L4xx_HAL_Driver/Src/stm32l4xx_hal_i2c.o
 .text.I2C_ITAddrCplt
                0x0800644c      0x108 ./Drivers/STM32L4xx_HAL_Driver/Src/stm32l4xx_hal_i2c.o
 .text.I2C_ITSlaveSeqCplt
                0x08006554       0xbc ./Drivers/STM32L4xx_HAL_Driver/Src/stm32l4xx_hal_i2c.o
 .text.I2C_ITSlaveCplt
                0x08006610      0x2d4 ./Drivers/STM32L4xx_HAL_Driver/Src/stm32l4xx_hal_i2c.o
 .text.I2C_ITListenCplt
                0x080068e4       0xac ./Drivers/STM32L4xx_HAL_Driver/Src/stm32l4xx_hal_i2c.o
 .text.I2C_ITError
                0x08006990      0x1e0 ./Drivers/STM32L4xx_HAL_Driver/Src/stm32l4xx_hal_i2c.o
 .text.I2C_TreatErrorCallback
                0x08006b70       0x4e ./Drivers/STM32L4xx_HAL_Driver/Src/stm32l4xx_hal_i2c.o
 .text.I2C_Flush_TXDR
                0x08006bbe       0x48 ./Drivers/STM32L4xx_HAL_Driver/Src/stm32l4xx_hal_i2c.o
 .text.I2C_DMAAbort
                0x08006c06       0x3c ./Drivers/STM32L4xx_HAL_Driver/Src/stm32l4xx_hal_i2c.o
 .text.I2C_WaitOnFlagUntilTimeout
                0x08006c42       0xb2 ./Drivers/STM32L4xx_HAL_Driver/Src/stm32l4xx_hal_i2c.o
 .text.I2C_WaitOnTXISFlagUntilTimeout
                0x08006cf4       0x8e ./Drivers/STM32L4xx_HAL_Driver/Src/stm32l4xx_hal_i2c.o
 .text.I2C_WaitOnSTOPFlagUntilTimeout
                0x08006d82       0x86 ./Drivers/STM32L4xx_HAL_Driver/Src/stm32l4xx_hal_i2c.o
 .text.I2C_WaitOnRXNEFlagUntilTimeout
                0x08006e08      0x118 ./Drivers/STM32L4xx_HAL_Driver/Src/stm32l4xx_hal_i2c.o
 .text.I2C_IsErrorOccurred
                0x08006f20      0x1c0 ./Drivers/STM32L4xx_HAL_Driver/Src/stm32l4xx_hal_i2c.o
 .text.I2C_TransferConfig
                0x080070e0       0x64 ./Drivers/STM32L4xx_HAL_Driver/Src/stm32l4xx_hal_i2c.o
 .text.I2C_Disable_IRQ
                0x08007144       0xbc ./Drivers/STM32L4xx_HAL_Driver/Src/stm32l4xx_hal_i2c.o
 .text.HAL_I2CEx_ConfigAnalogFilter
                0x08007200       0x96 ./Drivers/STM32L4xx_HAL_Driver/Src/stm32l4xx_hal_i2c_ex.o
                0x08007200                HAL_I2CEx_ConfigAnalogFilter
 .text.HAL_I2CEx_ConfigDigitalFilter
                0x08007296       0x98 ./Drivers/STM32L4xx_HAL_Driver/Src/stm32l4xx_hal_i2c_ex.o
                0x08007296                HAL_I2CEx_ConfigDigitalFilter
 *fill*         0x0800732e        0x2 
 .text.HAL_PWREx_GetVoltageRange
                0x08007330       0x1c ./Drivers/STM32L4xx_HAL_Driver/Src/stm32l4xx_hal_pwr_ex.o
                0x08007330                HAL_PWREx_GetVoltageRange
 .text.HAL_PWREx_ControlVoltageScaling
                0x0800734c       0xac ./Drivers/STM32L4xx_HAL_Driver/Src/stm32l4xx_hal_pwr_ex.o
                0x0800734c                HAL_PWREx_ControlVoltageScaling
 .text.HAL_RCC_OscConfig
                0x080073f8      0x7b8 ./Drivers/STM32L4xx_HAL_Driver/Src/stm32l4xx_hal_rcc.o
                0x080073f8                HAL_RCC_OscConfig
 .text.HAL_RCC_ClockConfig
                0x08007bb0      0x200 ./Drivers/STM32L4xx_HAL_Driver/Src/stm32l4xx_hal_rcc.o
                0x08007bb0                HAL_RCC_ClockConfig
 .text.HAL_RCC_GetSysClockFreq
                0x08007db0      0x118 ./Drivers/STM32L4xx_HAL_Driver/Src/stm32l4xx_hal_rcc.o
                0x08007db0                HAL_RCC_GetSysClockFreq
 .text.HAL_RCC_GetHCLKFreq
                0x08007ec8       0x18 ./Drivers/STM32L4xx_HAL_Driver/Src/stm32l4xx_hal_rcc.o
                0x08007ec8                HAL_RCC_GetHCLKFreq
 .text.HAL_RCC_GetPCLK1Freq
                0x08007ee0       0x2c ./Drivers/STM32L4xx_HAL_Driver/Src/stm32l4xx_hal_rcc.o
                0x08007ee0                HAL_RCC_GetPCLK1Freq
 .text.HAL_RCC_GetPCLK2Freq
                0x08007f0c       0x2c ./Drivers/STM32L4xx_HAL_Driver/Src/stm32l4xx_hal_rcc.o
                0x08007f0c                HAL_RCC_GetPCLK2Freq
 .text.RCC_SetFlashLatencyFromMSIRange
                0x08007f38       0xc0 ./Drivers/STM32L4xx_HAL_Driver/Src/stm32l4xx_hal_rcc.o
 .text.HAL_RCCEx_PeriphCLKConfig
                0x08007ff8      0x5d4 ./Drivers/STM32L4xx_HAL_Driver/Src/stm32l4xx_hal_rcc_ex.o
                0x08007ff8                HAL_RCCEx_PeriphCLKConfig
 .text.HAL_RCCEx_GetPeriphCLKFreq
                0x080085cc      0xadc ./Drivers/STM32L4xx_HAL_Driver/Src/stm32l4xx_hal_rcc_ex.o
                0x080085cc                HAL_RCCEx_GetPeriphCLKFreq
 .text.RCCEx_PLLSAI1_Config
                0x080090a8      0x1e8 ./Drivers/STM32L4xx_HAL_Driver/Src/stm32l4xx_hal_rcc_ex.o
 .text.RCCEx_PLLSAI2_Config
                0x08009290      0x1bc ./Drivers/STM32L4xx_HAL_Driver/Src/stm32l4xx_hal_rcc_ex.o
 .text.RCCEx_GetSAIxPeriphCLKFreq
                0x0800944c      0x1e0 ./Drivers/STM32L4xx_HAL_Driver/Src/stm32l4xx_hal_rcc_ex.o
 .text.HAL_RTC_Init
                0x0800962c      0x110 ./Drivers/STM32L4xx_HAL_Driver/Src/stm32l4xx_hal_rtc.o
                0x0800962c                HAL_RTC_Init
 .text.HAL_RTC_SetTime
                0x0800973c      0x13a ./Drivers/STM32L4xx_HAL_Driver/Src/stm32l4xx_hal_rtc.o
                0x0800973c                HAL_RTC_SetTime
 .text.HAL_RTC_GetTime
                0x08009876       0xb8 ./Drivers/STM32L4xx_HAL_Driver/Src/stm32l4xx_hal_rtc.o
                0x08009876                HAL_RTC_GetTime
 .text.HAL_RTC_SetDate
                0x0800992e      0x10e ./Drivers/STM32L4xx_HAL_Driver/Src/stm32l4xx_hal_rtc.o
                0x0800992e                HAL_RTC_SetDate
 .text.HAL_RTC_GetDate
                0x08009a3c       0x9a ./Drivers/STM32L4xx_HAL_Driver/Src/stm32l4xx_hal_rtc.o
                0x08009a3c                HAL_RTC_GetDate
 *fill*         0x08009ad6        0x2 
 .text.HAL_RTC_WaitForSynchro
                0x08009ad8       0x48 ./Drivers/STM32L4xx_HAL_Driver/Src/stm32l4xx_hal_rtc.o
                0x08009ad8                HAL_RTC_WaitForSynchro
 .text.RTC_EnterInitMode
                0x08009b20       0x66 ./Drivers/STM32L4xx_HAL_Driver/Src/stm32l4xx_hal_rtc.o
                0x08009b20                RTC_EnterInitMode
 *fill*         0x08009b86        0x2 
 .text.RTC_ExitInitMode
                0x08009b88       0x7c ./Drivers/STM32L4xx_HAL_Driver/Src/stm32l4xx_hal_rtc.o
                0x08009b88                RTC_ExitInitMode
 .text.RTC_ByteToBcd2
                0x08009c04       0x40 ./Drivers/STM32L4xx_HAL_Driver/Src/stm32l4xx_hal_rtc.o
                0x08009c04                RTC_ByteToBcd2
 .text.RTC_Bcd2ToByte
                0x08009c44       0x34 ./Drivers/STM32L4xx_HAL_Driver/Src/stm32l4xx_hal_rtc.o
                0x08009c44                RTC_Bcd2ToByte
 .text.HAL_SD_Init
                0x08009c78       0x76 ./Drivers/STM32L4xx_HAL_Driver/Src/stm32l4xx_hal_sd.o
                0x08009c78                HAL_SD_Init
 *fill*         0x08009cee        0x2 
 .text.HAL_SD_InitCard
                0x08009cf0      0x14c ./Drivers/STM32L4xx_HAL_Driver/Src/stm32l4xx_hal_sd.o
                0x08009cf0                HAL_SD_InitCard
 .text.HAL_SD_ReadBlocks_DMA
                0x08009e3c      0x190 ./Drivers/STM32L4xx_HAL_Driver/Src/stm32l4xx_hal_sd.o
                0x08009e3c                HAL_SD_ReadBlocks_DMA
 .text.HAL_SD_WriteBlocks_DMA
                0x08009fcc      0x198 ./Drivers/STM32L4xx_HAL_Driver/Src/stm32l4xx_hal_sd.o
                0x08009fcc                HAL_SD_WriteBlocks_DMA
 .text.HAL_SD_IRQHandler
                0x0800a164      0x2ec ./Drivers/STM32L4xx_HAL_Driver/Src/stm32l4xx_hal_sd.o
                0x0800a164                HAL_SD_IRQHandler
 .text.HAL_SD_ErrorCallback
                0x0800a450       0x14 ./Drivers/STM32L4xx_HAL_Driver/Src/stm32l4xx_hal_sd.o
                0x0800a450                HAL_SD_ErrorCallback
 .text.HAL_SD_GetCardCSD
                0x0800a464      0x348 ./Drivers/STM32L4xx_HAL_Driver/Src/stm32l4xx_hal_sd.o
                0x0800a464                HAL_SD_GetCardCSD
 .text.HAL_SD_GetCardInfo
                0x0800a7ac       0x58 ./Drivers/STM32L4xx_HAL_Driver/Src/stm32l4xx_hal_sd.o
                0x0800a7ac                HAL_SD_GetCardInfo
 .text.HAL_SD_ConfigWideBusOperation
                0x0800a804      0x178 ./Drivers/STM32L4xx_HAL_Driver/Src/stm32l4xx_hal_sd.o
                0x0800a804                HAL_SD_ConfigWideBusOperation
 .text.HAL_SD_GetCardState
                0x0800a97c       0x40 ./Drivers/STM32L4xx_HAL_Driver/Src/stm32l4xx_hal_sd.o
                0x0800a97c                HAL_SD_GetCardState
 .text.SD_DMATransmitCplt
                0x0800a9bc       0x2a ./Drivers/STM32L4xx_HAL_Driver/Src/stm32l4xx_hal_sd.o
 .text.SD_DMAReceiveCplt
                0x0800a9e6       0x70 ./Drivers/STM32L4xx_HAL_Driver/Src/stm32l4xx_hal_sd.o
 *fill*         0x0800aa56        0x2 
 .text.SD_DMAError
                0x0800aa58       0x98 ./Drivers/STM32L4xx_HAL_Driver/Src/stm32l4xx_hal_sd.o
 .text.SD_DMATxAbort
                0x0800aaf0       0x6e ./Drivers/STM32L4xx_HAL_Driver/Src/stm32l4xx_hal_sd.o
 .text.SD_DMARxAbort
                0x0800ab5e       0x6e ./Drivers/STM32L4xx_HAL_Driver/Src/stm32l4xx_hal_sd.o
 .text.SD_InitCard
                0x0800abcc      0x180 ./Drivers/STM32L4xx_HAL_Driver/Src/stm32l4xx_hal_sd.o
 .text.SD_PowerON
                0x0800ad4c      0x11c ./Drivers/STM32L4xx_HAL_Driver/Src/stm32l4xx_hal_sd.o
 .text.SD_SendStatus
                0x0800ae68       0x50 ./Drivers/STM32L4xx_HAL_Driver/Src/stm32l4xx_hal_sd.o
 .text.SD_WideBus_Enable
                0x0800aeb8       0x96 ./Drivers/STM32L4xx_HAL_Driver/Src/stm32l4xx_hal_sd.o
 .text.SD_WideBus_Disable
                0x0800af4e       0x96 ./Drivers/STM32L4xx_HAL_Driver/Src/stm32l4xx_hal_sd.o
 .text.SD_FindSCR
                0x0800afe4      0x194 ./Drivers/STM32L4xx_HAL_Driver/Src/stm32l4xx_hal_sd.o
 .text.SD_Read_IT
                0x0800b178       0xa2 ./Drivers/STM32L4xx_HAL_Driver/Src/stm32l4xx_hal_sd.o
 .text.SD_Write_IT
                0x0800b21a       0xaa ./Drivers/STM32L4xx_HAL_Driver/Src/stm32l4xx_hal_sd.o
 .text.HAL_UART_Init
                0x0800b2c4       0x9c ./Drivers/STM32L4xx_HAL_Driver/Src/stm32l4xx_hal_uart.o
                0x0800b2c4                HAL_UART_Init
 .text.HAL_UART_Transmit
                0x0800b360      0x112 ./Drivers/STM32L4xx_HAL_Driver/Src/stm32l4xx_hal_uart.o
                0x0800b360                HAL_UART_Transmit
 .text.HAL_UART_Receive
                0x0800b472      0x192 ./Drivers/STM32L4xx_HAL_Driver/Src/stm32l4xx_hal_uart.o
                0x0800b472                HAL_UART_Receive
 .text.HAL_UART_IRQHandler
                0x0800b604      0x60c ./Drivers/STM32L4xx_HAL_Driver/Src/stm32l4xx_hal_uart.o
                0x0800b604                HAL_UART_IRQHandler
 .text.HAL_UART_TxCpltCallback
                0x0800bc10       0x14 ./Drivers/STM32L4xx_HAL_Driver/Src/stm32l4xx_hal_uart.o
                0x0800bc10                HAL_UART_TxCpltCallback
 .text.HAL_UART_ErrorCallback
                0x0800bc24       0x14 ./Drivers/STM32L4xx_HAL_Driver/Src/stm32l4xx_hal_uart.o
                0x0800bc24                HAL_UART_ErrorCallback
 .text.HAL_UARTEx_RxEventCallback
                0x0800bc38       0x18 ./Drivers/STM32L4xx_HAL_Driver/Src/stm32l4xx_hal_uart.o
                0x0800bc38                HAL_UARTEx_RxEventCallback
 .text.UART_SetConfig
                0x0800bc50      0x570 ./Drivers/STM32L4xx_HAL_Driver/Src/stm32l4xx_hal_uart.o
                0x0800bc50                UART_SetConfig
 .text.UART_AdvFeatureConfig
                0x0800c1c0      0x144 ./Drivers/STM32L4xx_HAL_Driver/Src/stm32l4xx_hal_uart.o
                0x0800c1c0                UART_AdvFeatureConfig
 .text.UART_CheckIdleState
                0x0800c304      0x150 ./Drivers/STM32L4xx_HAL_Driver/Src/stm32l4xx_hal_uart.o
                0x0800c304                UART_CheckIdleState
 .text.UART_WaitOnFlagUntilTimeout
                0x0800c454       0xda ./Drivers/STM32L4xx_HAL_Driver/Src/stm32l4xx_hal_uart.o
                0x0800c454                UART_WaitOnFlagUntilTimeout
 .text.UART_EndRxTransfer
                0x0800c52e       0xc8 ./Drivers/STM32L4xx_HAL_Driver/Src/stm32l4xx_hal_uart.o
 .text.UART_DMAAbortOnError
                0x0800c5f6       0x2c ./Drivers/STM32L4xx_HAL_Driver/Src/stm32l4xx_hal_uart.o
 .text.UART_EndTransmit_IT
                0x0800c622       0x54 ./Drivers/STM32L4xx_HAL_Driver/Src/stm32l4xx_hal_uart.o
 .text.HAL_UARTEx_WakeupCallback
                0x0800c676       0x14 ./Drivers/STM32L4xx_HAL_Driver/Src/stm32l4xx_hal_uart_ex.o
                0x0800c676                HAL_UARTEx_WakeupCallback
 .text.SDMMC_Init
                0x0800c68a       0x5a ./Drivers/STM32L4xx_HAL_Driver/Src/stm32l4xx_ll_sdmmc.o
                0x0800c68a                SDMMC_Init
 .text.SDMMC_ReadFIFO
                0x0800c6e4       0x1a ./Drivers/STM32L4xx_HAL_Driver/Src/stm32l4xx_ll_sdmmc.o
                0x0800c6e4                SDMMC_ReadFIFO
 .text.SDMMC_WriteFIFO
                0x0800c6fe       0x22 ./Drivers/STM32L4xx_HAL_Driver/Src/stm32l4xx_ll_sdmmc.o
                0x0800c6fe                SDMMC_WriteFIFO
 .text.SDMMC_PowerState_ON
                0x0800c720       0x1e ./Drivers/STM32L4xx_HAL_Driver/Src/stm32l4xx_ll_sdmmc.o
                0x0800c720                SDMMC_PowerState_ON
 .text.SDMMC_GetPowerState
                0x0800c73e       0x1c ./Drivers/STM32L4xx_HAL_Driver/Src/stm32l4xx_ll_sdmmc.o
                0x0800c73e                SDMMC_GetPowerState
 .text.SDMMC_SendCommand
                0x0800c75a       0x54 ./Drivers/STM32L4xx_HAL_Driver/Src/stm32l4xx_ll_sdmmc.o
                0x0800c75a                SDMMC_SendCommand
 .text.SDMMC_GetCommandResponse
                0x0800c7ae       0x1a ./Drivers/STM32L4xx_HAL_Driver/Src/stm32l4xx_ll_sdmmc.o
                0x0800c7ae                SDMMC_GetCommandResponse
 .text.SDMMC_GetResponse
                0x0800c7c8       0x26 ./Drivers/STM32L4xx_HAL_Driver/Src/stm32l4xx_ll_sdmmc.o
                0x0800c7c8                SDMMC_GetResponse
 .text.SDMMC_ConfigData
                0x0800c7ee       0x58 ./Drivers/STM32L4xx_HAL_Driver/Src/stm32l4xx_ll_sdmmc.o
                0x0800c7ee                SDMMC_ConfigData
 .text.SDMMC_CmdBlockLength
                0x0800c846       0x44 ./Drivers/STM32L4xx_HAL_Driver/Src/stm32l4xx_ll_sdmmc.o
                0x0800c846                SDMMC_CmdBlockLength
 .text.SDMMC_CmdReadSingleBlock
                0x0800c88a       0x44 ./Drivers/STM32L4xx_HAL_Driver/Src/stm32l4xx_ll_sdmmc.o
                0x0800c88a                SDMMC_CmdReadSingleBlock
 .text.SDMMC_CmdReadMultiBlock
                0x0800c8ce       0x44 ./Drivers/STM32L4xx_HAL_Driver/Src/stm32l4xx_ll_sdmmc.o
                0x0800c8ce                SDMMC_CmdReadMultiBlock
 .text.SDMMC_CmdWriteSingleBlock
                0x0800c912       0x44 ./Drivers/STM32L4xx_HAL_Driver/Src/stm32l4xx_ll_sdmmc.o
                0x0800c912                SDMMC_CmdWriteSingleBlock
 .text.SDMMC_CmdWriteMultiBlock
                0x0800c956       0x44 ./Drivers/STM32L4xx_HAL_Driver/Src/stm32l4xx_ll_sdmmc.o
                0x0800c956                SDMMC_CmdWriteMultiBlock
 *fill*         0x0800c99a        0x2 
 .text.SDMMC_CmdStopTransfer
                0x0800c99c       0x44 ./Drivers/STM32L4xx_HAL_Driver/Src/stm32l4xx_ll_sdmmc.o
                0x0800c99c                SDMMC_CmdStopTransfer
 .text.SDMMC_CmdSelDesel
                0x0800c9e0       0x46 ./Drivers/STM32L4xx_HAL_Driver/Src/stm32l4xx_ll_sdmmc.o
                0x0800c9e0                SDMMC_CmdSelDesel
 .text.SDMMC_CmdGoIdleState
                0x0800ca26       0x3c ./Drivers/STM32L4xx_HAL_Driver/Src/stm32l4xx_ll_sdmmc.o
                0x0800ca26                SDMMC_CmdGoIdleState
 .text.SDMMC_CmdOperCond
                0x0800ca62       0x3e ./Drivers/STM32L4xx_HAL_Driver/Src/stm32l4xx_ll_sdmmc.o
                0x0800ca62                SDMMC_CmdOperCond
 .text.SDMMC_CmdAppCommand
                0x0800caa0       0x44 ./Drivers/STM32L4xx_HAL_Driver/Src/stm32l4xx_ll_sdmmc.o
                0x0800caa0                SDMMC_CmdAppCommand
 .text.SDMMC_CmdAppOperCommand
                0x0800cae4       0x46 ./Drivers/STM32L4xx_HAL_Driver/Src/stm32l4xx_ll_sdmmc.o
                0x0800cae4                SDMMC_CmdAppOperCommand
 .text.SDMMC_CmdBusWidth
                0x0800cb2a       0x44 ./Drivers/STM32L4xx_HAL_Driver/Src/stm32l4xx_ll_sdmmc.o
                0x0800cb2a                SDMMC_CmdBusWidth
 .text.SDMMC_CmdSendSCR
                0x0800cb6e       0x42 ./Drivers/STM32L4xx_HAL_Driver/Src/stm32l4xx_ll_sdmmc.o
                0x0800cb6e                SDMMC_CmdSendSCR
 .text.SDMMC_CmdSendCID
                0x0800cbb0       0x3c ./Drivers/STM32L4xx_HAL_Driver/Src/stm32l4xx_ll_sdmmc.o
                0x0800cbb0                SDMMC_CmdSendCID
 .text.SDMMC_CmdSendCSD
                0x0800cbec       0x3e ./Drivers/STM32L4xx_HAL_Driver/Src/stm32l4xx_ll_sdmmc.o
                0x0800cbec                SDMMC_CmdSendCSD
 .text.SDMMC_CmdSetRelAdd
                0x0800cc2a       0x42 ./Drivers/STM32L4xx_HAL_Driver/Src/stm32l4xx_ll_sdmmc.o
                0x0800cc2a                SDMMC_CmdSetRelAdd
 .text.SDMMC_CmdSendStatus
                0x0800cc6c       0x44 ./Drivers/STM32L4xx_HAL_Driver/Src/stm32l4xx_ll_sdmmc.o
                0x0800cc6c                SDMMC_CmdSendStatus
 .text.SDMMC_GetCmdResp1
                0x0800ccb0      0x1dc ./Drivers/STM32L4xx_HAL_Driver/Src/stm32l4xx_ll_sdmmc.o
                0x0800ccb0                SDMMC_GetCmdResp1
 .text.SDMMC_GetCmdResp2
                0x0800ce8c       0x90 ./Drivers/STM32L4xx_HAL_Driver/Src/stm32l4xx_ll_sdmmc.o
                0x0800ce8c                SDMMC_GetCmdResp2
 .text.SDMMC_GetCmdResp3
                0x0800cf1c       0x7c ./Drivers/STM32L4xx_HAL_Driver/Src/stm32l4xx_ll_sdmmc.o
                0x0800cf1c                SDMMC_GetCmdResp3
 .text.SDMMC_GetCmdResp6
                0x0800cf98       0xec ./Drivers/STM32L4xx_HAL_Driver/Src/stm32l4xx_ll_sdmmc.o
                0x0800cf98                SDMMC_GetCmdResp6
 .text.SDMMC_GetCmdResp7
                0x0800d084       0x9c ./Drivers/STM32L4xx_HAL_Driver/Src/stm32l4xx_ll_sdmmc.o
                0x0800d084                SDMMC_GetCmdResp7
 .text.SDMMC_GetCmdError
                0x0800d120       0x58 ./Drivers/STM32L4xx_HAL_Driver/Src/stm32l4xx_ll_sdmmc.o
 .text.MX_FATFS_Init
                0x0800d178       0x24 ./FATFS/App/fatfs.o
                0x0800d178                MX_FATFS_Init
 .text.get_fattime
                0x0800d19c       0x10 ./FATFS/App/fatfs.o
                0x0800d19c                get_fattime
 .text.BSP_SD_Init
                0x0800d1ac       0x4c ./FATFS/Target/bsp_driver_sd.o
                0x0800d1ac                BSP_SD_Init
 .text.SD_DMAConfigRx
                0x0800d1f8       0x88 ./FATFS/Target/bsp_driver_sd.o
                0x0800d1f8                SD_DMAConfigRx
 .text.SD_DMAConfigTx
                0x0800d280       0x84 ./FATFS/Target/bsp_driver_sd.o
                0x0800d280                SD_DMAConfigTx
 .text.BSP_SD_GetCardState
                0x0800d304       0x20 ./FATFS/Target/bsp_driver_sd.o
                0x0800d304                BSP_SD_GetCardState
 .text.BSP_SD_GetCardInfo
                0x0800d324       0x1c ./FATFS/Target/bsp_driver_sd.o
                0x0800d324                BSP_SD_GetCardInfo
 .text.HAL_SD_AbortCallback
                0x0800d340       0x14 ./FATFS/Target/bsp_driver_sd.o
                0x0800d340                HAL_SD_AbortCallback
 .text.HAL_SD_TxCpltCallback
                0x0800d354       0x14 ./FATFS/Target/bsp_driver_sd.o
                0x0800d354                HAL_SD_TxCpltCallback
 .text.HAL_SD_RxCpltCallback
                0x0800d368       0x14 ./FATFS/Target/bsp_driver_sd.o
                0x0800d368                HAL_SD_RxCpltCallback
 .text.BSP_SD_AbortCallback
                0x0800d37c        0xe ./FATFS/Target/bsp_driver_sd.o
                0x0800d37c                BSP_SD_AbortCallback
 .text.BSP_SD_IsDetected
                0x0800d38a       0x24 ./FATFS/Target/bsp_driver_sd.o
                0x0800d38a                BSP_SD_IsDetected
 .text.BSP_PlatformIsDetected
                0x0800d3ae       0x44 ./FATFS/Target/fatfs_platform.o
                0x0800d3ae                BSP_PlatformIsDetected
 .text.SD_CheckStatusWithTimeout
                0x0800d3f2       0x3a ./FATFS/Target/sd_diskio.o
 .text.SD_CheckStatus
                0x0800d42c       0x3c ./FATFS/Target/sd_diskio.o
 .text.SD_initialize
                0x0800d468       0x38 ./FATFS/Target/sd_diskio.o
                0x0800d468                SD_initialize
 .text.SD_status
                0x0800d4a0       0x1c ./FATFS/Target/sd_diskio.o
                0x0800d4a0                SD_status
 .text.SD_read  0x0800d4bc       0xac ./FATFS/Target/sd_diskio.o
                0x0800d4bc                SD_read
 .text.SD_write
                0x0800d568       0xac ./FATFS/Target/sd_diskio.o
                0x0800d568                SD_write
 .text.SD_ioctl
                0x0800d614       0xb0 ./FATFS/Target/sd_diskio.o
                0x0800d614                SD_ioctl
 .text.BSP_SD_WriteCpltCallback
                0x0800d6c4       0x18 ./FATFS/Target/sd_diskio.o
                0x0800d6c4                BSP_SD_WriteCpltCallback
 .text.BSP_SD_ReadCpltCallback
                0x0800d6dc       0x18 ./FATFS/Target/sd_diskio.o
                0x0800d6dc                BSP_SD_ReadCpltCallback
 .text.disk_status
                0x0800d6f4       0x34 ./Middlewares/Third_Party/FatFs/src/diskio.o
                0x0800d6f4                disk_status
 .text.disk_initialize
                0x0800d728       0x4c ./Middlewares/Third_Party/FatFs/src/diskio.o
                0x0800d728                disk_initialize
 .text.disk_read
                0x0800d774       0x40 ./Middlewares/Third_Party/FatFs/src/diskio.o
                0x0800d774                disk_read
 .text.disk_write
                0x0800d7b4       0x40 ./Middlewares/Third_Party/FatFs/src/diskio.o
                0x0800d7b4                disk_write
 .text.disk_ioctl
                0x0800d7f4       0x3c ./Middlewares/Third_Party/FatFs/src/diskio.o
                0x0800d7f4                disk_ioctl
 .text.ld_word  0x0800d830       0x32 ./Middlewares/Third_Party/FatFs/src/ff.o
 .text.ld_dword
                0x0800d862       0x46 ./Middlewares/Third_Party/FatFs/src/ff.o
 .text.ld_qword
                0x0800d8a8      0x1b6 ./Middlewares/Third_Party/FatFs/src/ff.o
 .text.st_word  0x0800da5e       0x36 ./Middlewares/Third_Party/FatFs/src/ff.o
 .text.st_dword
                0x0800da94       0x58 ./Middlewares/Third_Party/FatFs/src/ff.o
 .text.st_qword
                0x0800daec      0x110 ./Middlewares/Third_Party/FatFs/src/ff.o
 .text.mem_cpy  0x0800dbfc       0x42 ./Middlewares/Third_Party/FatFs/src/ff.o
 .text.mem_set  0x0800dc3e       0x36 ./Middlewares/Third_Party/FatFs/src/ff.o
 .text.mem_cmp  0x0800dc74       0x4e ./Middlewares/Third_Party/FatFs/src/ff.o
 .text.chk_chr  0x0800dcc2       0x36 ./Middlewares/Third_Party/FatFs/src/ff.o
 .text.chk_lock
                0x0800dcf8       0xb8 ./Middlewares/Third_Party/FatFs/src/ff.o
 .text.enq_lock
                0x0800ddb0       0x44 ./Middlewares/Third_Party/FatFs/src/ff.o
 .text.inc_lock
                0x0800ddf4      0x11c ./Middlewares/Third_Party/FatFs/src/ff.o
 .text.dec_lock
                0x0800df10       0x78 ./Middlewares/Third_Party/FatFs/src/ff.o
 .text.clear_lock
                0x0800df88       0x48 ./Middlewares/Third_Party/FatFs/src/ff.o
 .text.sync_window
                0x0800dfd0       0x88 ./Middlewares/Third_Party/FatFs/src/ff.o
 .text.move_window
                0x0800e058       0x5a ./Middlewares/Third_Party/FatFs/src/ff.o
 *fill*         0x0800e0b2        0x2 
 .text.sync_fs  0x0800e0b4       0xdc ./Middlewares/Third_Party/FatFs/src/ff.o
 .text.clust2sect
                0x0800e190       0x3e ./Middlewares/Third_Party/FatFs/src/ff.o
 *fill*         0x0800e1ce        0x2 
 .text.get_fat  0x0800e1d0      0x234 ./Middlewares/Third_Party/FatFs/src/ff.o
 .text.put_fat  0x0800e404      0x1dc ./Middlewares/Third_Party/FatFs/src/ff.o
 .text.find_bitmap
                0x0800e5e0       0xf8 ./Middlewares/Third_Party/FatFs/src/ff.o
 .text.change_bitmap
                0x0800e6d8       0xd4 ./Middlewares/Third_Party/FatFs/src/ff.o
 .text.fill_first_frag
                0x0800e7ac       0x5e ./Middlewares/Third_Party/FatFs/src/ff.o
 .text.fill_last_frag
                0x0800e80a       0x62 ./Middlewares/Third_Party/FatFs/src/ff.o
 .text.remove_chain
                0x0800e86c      0x168 ./Middlewares/Third_Party/FatFs/src/ff.o
 .text.create_chain
                0x0800e9d4      0x202 ./Middlewares/Third_Party/FatFs/src/ff.o
 .text.clmt_clust
                0x0800ebd6       0x88 ./Middlewares/Third_Party/FatFs/src/ff.o
 .text.dir_sdi  0x0800ec5e      0x10c ./Middlewares/Third_Party/FatFs/src/ff.o
 .text.dir_next
                0x0800ed6a      0x1aa ./Middlewares/Third_Party/FatFs/src/ff.o
 .text.dir_alloc
                0x0800ef14       0xb8 ./Middlewares/Third_Party/FatFs/src/ff.o
 .text.ld_clust
                0x0800efcc       0x3e ./Middlewares/Third_Party/FatFs/src/ff.o
 .text.st_clust
                0x0800f00a       0x40 ./Middlewares/Third_Party/FatFs/src/ff.o
 *fill*         0x0800f04a        0x2 
 .text.cmp_lfn  0x0800f04c       0xe0 ./Middlewares/Third_Party/FatFs/src/ff.o
 .text.pick_lfn
                0x0800f12c       0xc8 ./Middlewares/Third_Party/FatFs/src/ff.o
 .text.put_lfn  0x0800f1f4       0xd0 ./Middlewares/Third_Party/FatFs/src/ff.o
 .text.gen_numname
                0x0800f2c4      0x11c ./Middlewares/Third_Party/FatFs/src/ff.o
 .text.sum_sfn  0x0800f3e0       0x42 ./Middlewares/Third_Party/FatFs/src/ff.o
 .text.xdir_sum
                0x0800f422       0x60 ./Middlewares/Third_Party/FatFs/src/ff.o
 .text.xname_sum
                0x0800f482       0x60 ./Middlewares/Third_Party/FatFs/src/ff.o
 *fill*         0x0800f4e2        0x2 
 .text.load_xdir
                0x0800f4e4      0x17c ./Middlewares/Third_Party/FatFs/src/ff.o
 .text.load_obj_dir
                0x0800f660       0x6c ./Middlewares/Third_Party/FatFs/src/ff.o
 .text.store_xdir
                0x0800f6cc       0xb6 ./Middlewares/Third_Party/FatFs/src/ff.o
 .text.create_xdir
                0x0800f782       0xce ./Middlewares/Third_Party/FatFs/src/ff.o
 .text.dir_read
                0x0800f850      0x18e ./Middlewares/Third_Party/FatFs/src/ff.o
 .text.dir_find
                0x0800f9de      0x254 ./Middlewares/Third_Party/FatFs/src/ff.o
 *fill*         0x0800fc32        0x2 
 .text.dir_register
                0x0800fc34      0x34c ./Middlewares/Third_Party/FatFs/src/ff.o
 .text.dir_remove
                0x0800ff80       0xb0 ./Middlewares/Third_Party/FatFs/src/ff.o
 .text.create_name
                0x08010030      0x370 ./Middlewares/Third_Party/FatFs/src/ff.o
 .text.follow_path
                0x080103a0      0x152 ./Middlewares/Third_Party/FatFs/src/ff.o
 .text.get_ldnumber
                0x080104f2       0x88 ./Middlewares/Third_Party/FatFs/src/ff.o
 *fill*         0x0801057a        0x2 
 .text.check_fs
                0x0801057c       0xc8 ./Middlewares/Third_Party/FatFs/src/ff.o
 .text.find_volume
                0x08010644      0x6a4 ./Middlewares/Third_Party/FatFs/src/ff.o
 .text.validate
                0x08010ce8       0x6a ./Middlewares/Third_Party/FatFs/src/ff.o
 *fill*         0x08010d52        0x2 
 .text.f_mount  0x08010d54       0x8c ./Middlewares/Third_Party/FatFs/src/ff.o
                0x08010d54                f_mount
 .text.f_open   0x08010de0      0x5b4 ./Middlewares/Third_Party/FatFs/src/ff.o
                0x08010de0                f_open
 .text.f_write  0x08011394      0x368 ./Middlewares/Third_Party/FatFs/src/ff.o
                0x08011394                f_write
 .text.f_sync   0x080116fc      0x264 ./Middlewares/Third_Party/FatFs/src/ff.o
                0x080116fc                f_sync
 .text.f_close  0x08011960       0x54 ./Middlewares/Third_Party/FatFs/src/ff.o
                0x08011960                f_close
 .text.f_rename
                0x080119b4      0x35a ./Middlewares/Third_Party/FatFs/src/ff.o
                0x080119b4                f_rename
 *fill*         0x08011d0e        0x2 
 .text.FATFS_LinkDriverEx
                0x08011d10       0x98 ./Middlewares/Third_Party/FatFs/src/ff_gen_drv.o
                0x08011d10                FATFS_LinkDriverEx
 .text.FATFS_LinkDriver
                0x08011da8       0x1e ./Middlewares/Third_Party/FatFs/src/ff_gen_drv.o
                0x08011da8                FATFS_LinkDriver
 *fill*         0x08011dc6        0x2 
 .text.ff_convert
                0x08011dc8       0x78 ./Middlewares/Third_Party/FatFs/src/option/ccsbcs.o
                0x08011dc8                ff_convert
 .text.ff_wtoupper
                0x08011e40      0x114 ./Middlewares/Third_Party/FatFs/src/option/ccsbcs.o
                0x08011e40                ff_wtoupper
 .text.ff_memalloc
                0x08011f54       0x18 ./Middlewares/Third_Party/FatFs/src/option/syscall.o
                0x08011f54                ff_memalloc
 .text.ff_memfree
                0x08011f6c       0x16 ./Middlewares/Third_Party/FatFs/src/option/syscall.o
                0x08011f6c                ff_memfree
 .text.atof     0x08011f82        0x6 /Applications/STMicroelectronics/STM32CubeIDE.app/Contents/Eclipse/plugins/com.st.stm32cube.ide.mcu.externaltools.gnu-tools-for-stm32.13.3.rel1.macos64_1.0.0.202411102158/tools/bin/../lib/gcc/arm-none-eabi/13.3.1/../../../../arm-none-eabi/lib/thumb/v7e-m+fp/hard/libc_nano.a(libc_a-atof.o)
                0x08011f82                atof
 .text.atoi     0x08011f88        0x8 /Applications/STMicroelectronics/STM32CubeIDE.app/Contents/Eclipse/plugins/com.st.stm32cube.ide.mcu.externaltools.gnu-tools-for-stm32.13.3.rel1.macos64_1.0.0.202411102158/tools/bin/../lib/gcc/arm-none-eabi/13.3.1/../../../../arm-none-eabi/lib/thumb/v7e-m+fp/hard/libc_nano.a(libc_a-atoi.o)
                0x08011f88                atoi
 .text.__cvt    0x08011f90       0xca /Applications/STMicroelectronics/STM32CubeIDE.app/Contents/Eclipse/plugins/com.st.stm32cube.ide.mcu.externaltools.gnu-tools-for-stm32.13.3.rel1.macos64_1.0.0.202411102158/tools/bin/../lib/gcc/arm-none-eabi/13.3.1/../../../../arm-none-eabi/lib/thumb/v7e-m+fp/hard/libc_nano.a(libc_a-nano-vfprintf_float.o)
                0x08011f90                __cvt
 .text.__exponent
                0x0801205a       0x74 /Applications/STMicroelectronics/STM32CubeIDE.app/Contents/Eclipse/plugins/com.st.stm32cube.ide.mcu.externaltools.gnu-tools-for-stm32.13.3.rel1.macos64_1.0.0.202411102158/tools/bin/../lib/gcc/arm-none-eabi/13.3.1/../../../../arm-none-eabi/lib/thumb/v7e-m+fp/hard/libc_nano.a(libc_a-nano-vfprintf_float.o)
                0x0801205a                __exponent
 *fill*         0x080120ce        0x2 
 .text._printf_float
                0x080120d0      0x454 /Applications/STMicroelectronics/STM32CubeIDE.app/Contents/Eclipse/plugins/com.st.stm32cube.ide.mcu.externaltools.gnu-tools-for-stm32.13.3.rel1.macos64_1.0.0.202411102158/tools/bin/../lib/gcc/arm-none-eabi/13.3.1/../../../../arm-none-eabi/lib/thumb/v7e-m+fp/hard/libc_nano.a(libc_a-nano-vfprintf_float.o)
                0x080120d0                _printf_float
 .text.malloc   0x08012524       0x10 /Applications/STMicroelectronics/STM32CubeIDE.app/Contents/Eclipse/plugins/com.st.stm32cube.ide.mcu.externaltools.gnu-tools-for-stm32.13.3.rel1.macos64_1.0.0.202411102158/tools/bin/../lib/gcc/arm-none-eabi/13.3.1/../../../../arm-none-eabi/lib/thumb/v7e-m+fp/hard/libc_nano.a(libc_a-malloc.o)
                0x08012524                malloc
 .text.free     0x08012534       0x10 /Applications/STMicroelectronics/STM32CubeIDE.app/Contents/Eclipse/plugins/com.st.stm32cube.ide.mcu.externaltools.gnu-tools-for-stm32.13.3.rel1.macos64_1.0.0.202411102158/tools/bin/../lib/gcc/arm-none-eabi/13.3.1/../../../../arm-none-eabi/lib/thumb/v7e-m+fp/hard/libc_nano.a(libc_a-malloc.o)
                0x08012534                free
 .text.sbrk_aligned
                0x08012544       0x44 /Applications/STMicroelectronics/STM32CubeIDE.app/Contents/Eclipse/plugins/com.st.stm32cube.ide.mcu.externaltools.gnu-tools-for-stm32.13.3.rel1.macos64_1.0.0.202411102158/tools/bin/../lib/gcc/arm-none-eabi/13.3.1/../../../../arm-none-eabi/lib/thumb/v7e-m+fp/hard/libc_nano.a(libc_a-mallocr.o)
 .text._malloc_r
                0x08012588      0x100 /Applications/STMicroelectronics/STM32CubeIDE.app/Contents/Eclipse/plugins/com.st.stm32cube.ide.mcu.externaltools.gnu-tools-for-stm32.13.3.rel1.macos64_1.0.0.202411102158/tools/bin/../lib/gcc/arm-none-eabi/13.3.1/../../../../arm-none-eabi/lib/thumb/v7e-m+fp/hard/libc_nano.a(libc_a-mallocr.o)
                0x08012588                _malloc_r
 .text._printf_common
                0x08012688       0xda /Applications/STMicroelectronics/STM32CubeIDE.app/Contents/Eclipse/plugins/com.st.stm32cube.ide.mcu.externaltools.gnu-tools-for-stm32.13.3.rel1.macos64_1.0.0.202411102158/tools/bin/../lib/gcc/arm-none-eabi/13.3.1/../../../../arm-none-eabi/lib/thumb/v7e-m+fp/hard/libc_nano.a(libc_a-nano-vfprintf_i.o)
                0x08012688                _printf_common
 *fill*         0x08012762        0x2 
 .text._printf_i
                0x08012764      0x23c /Applications/STMicroelectronics/STM32CubeIDE.app/Contents/Eclipse/plugins/com.st.stm32cube.ide.mcu.externaltools.gnu-tools-for-stm32.13.3.rel1.macos64_1.0.0.202411102158/tools/bin/../lib/gcc/arm-none-eabi/13.3.1/../../../../arm-none-eabi/lib/thumb/v7e-m+fp/hard/libc_nano.a(libc_a-nano-vfprintf_i.o)
                0x08012764                _printf_i
 .text.__malloc_lock
                0x080129a0        0xc /Applications/STMicroelectronics/STM32CubeIDE.app/Contents/Eclipse/plugins/com.st.stm32cube.ide.mcu.externaltools.gnu-tools-for-stm32.13.3.rel1.macos64_1.0.0.202411102158/tools/bin/../lib/gcc/arm-none-eabi/13.3.1/../../../../arm-none-eabi/lib/thumb/v7e-m+fp/hard/libc_nano.a(libc_a-mlock.o)
                0x080129a0                __malloc_lock
 .text.__malloc_unlock
                0x080129ac        0xc /Applications/STMicroelectronics/STM32CubeIDE.app/Contents/Eclipse/plugins/com.st.stm32cube.ide.mcu.externaltools.gnu-tools-for-stm32.13.3.rel1.macos64_1.0.0.202411102158/tools/bin/../lib/gcc/arm-none-eabi/13.3.1/../../../../arm-none-eabi/lib/thumb/v7e-m+fp/hard/libc_nano.a(libc_a-mlock.o)
                0x080129ac                __malloc_unlock
 .text.sprintf  0x080129b8       0x44 /Applications/STMicroelectronics/STM32CubeIDE.app/Contents/Eclipse/plugins/com.st.stm32cube.ide.mcu.externaltools.gnu-tools-for-stm32.13.3.rel1.macos64_1.0.0.202411102158/tools/bin/../lib/gcc/arm-none-eabi/13.3.1/../../../../arm-none-eabi/lib/thumb/v7e-m+fp/hard/libc_nano.a(libc_a-sprintf.o)
                0x080129b8                sprintf
                0x080129b8                siprintf
 .text.std      0x080129fc       0x6c /Applications/STMicroelectronics/STM32CubeIDE.app/Contents/Eclipse/plugins/com.st.stm32cube.ide.mcu.externaltools.gnu-tools-for-stm32.13.3.rel1.macos64_1.0.0.202411102158/tools/bin/../lib/gcc/arm-none-eabi/13.3.1/../../../../arm-none-eabi/lib/thumb/v7e-m+fp/hard/libc_nano.a(libc_a-findfp.o)
 .text.stdio_exit_handler
                0x08012a68       0x18 /Applications/STMicroelectronics/STM32CubeIDE.app/Contents/Eclipse/plugins/com.st.stm32cube.ide.mcu.externaltools.gnu-tools-for-stm32.13.3.rel1.macos64_1.0.0.202411102158/tools/bin/../lib/gcc/arm-none-eabi/13.3.1/../../../../arm-none-eabi/lib/thumb/v7e-m+fp/hard/libc_nano.a(libc_a-findfp.o)
 .text.cleanup_stdio
                0x08012a80       0x40 /Applications/STMicroelectronics/STM32CubeIDE.app/Contents/Eclipse/plugins/com.st.stm32cube.ide.mcu.externaltools.gnu-tools-for-stm32.13.3.rel1.macos64_1.0.0.202411102158/tools/bin/../lib/gcc/arm-none-eabi/13.3.1/../../../../arm-none-eabi/lib/thumb/v7e-m+fp/hard/libc_nano.a(libc_a-findfp.o)
 .text.global_stdio_init.part.0
                0x08012ac0       0x3c /Applications/STMicroelectronics/STM32CubeIDE.app/Contents/Eclipse/plugins/com.st.stm32cube.ide.mcu.externaltools.gnu-tools-for-stm32.13.3.rel1.macos64_1.0.0.202411102158/tools/bin/../lib/gcc/arm-none-eabi/13.3.1/../../../../arm-none-eabi/lib/thumb/v7e-m+fp/hard/libc_nano.a(libc_a-findfp.o)
 .text.__sfp_lock_acquire
                0x08012afc        0xc /Applications/STMicroelectronics/STM32CubeIDE.app/Contents/Eclipse/plugins/com.st.stm32cube.ide.mcu.externaltools.gnu-tools-for-stm32.13.3.rel1.macos64_1.0.0.202411102158/tools/bin/../lib/gcc/arm-none-eabi/13.3.1/../../../../arm-none-eabi/lib/thumb/v7e-m+fp/hard/libc_nano.a(libc_a-findfp.o)
                0x08012afc                __sfp_lock_acquire
 .text.__sfp_lock_release
                0x08012b08        0xc /Applications/STMicroelectronics/STM32CubeIDE.app/Contents/Eclipse/plugins/com.st.stm32cube.ide.mcu.externaltools.gnu-tools-for-stm32.13.3.rel1.macos64_1.0.0.202411102158/tools/bin/../lib/gcc/arm-none-eabi/13.3.1/../../../../arm-none-eabi/lib/thumb/v7e-m+fp/hard/libc_nano.a(libc_a-findfp.o)
                0x08012b08                __sfp_lock_release
 .text.__sinit  0x08012b14       0x30 /Applications/STMicroelectronics/STM32CubeIDE.app/Contents/Eclipse/plugins/com.st.stm32cube.ide.mcu.externaltools.gnu-tools-for-stm32.13.3.rel1.macos64_1.0.0.202411102158/tools/bin/../lib/gcc/arm-none-eabi/13.3.1/../../../../arm-none-eabi/lib/thumb/v7e-m+fp/hard/libc_nano.a(libc_a-findfp.o)
                0x08012b14                __sinit
 .text._vsprintf_r
                0x08012b44       0x2c /Applications/STMicroelectronics/STM32CubeIDE.app/Contents/Eclipse/plugins/com.st.stm32cube.ide.mcu.externaltools.gnu-tools-for-stm32.13.3.rel1.macos64_1.0.0.202411102158/tools/bin/../lib/gcc/arm-none-eabi/13.3.1/../../../../arm-none-eabi/lib/thumb/v7e-m+fp/hard/libc_nano.a(libc_a-vsprintf.o)
                0x08012b44                _vsiprintf_r
                0x08012b44                _vsprintf_r
 .text.vsprintf
                0x08012b70       0x14 /Applications/STMicroelectronics/STM32CubeIDE.app/Contents/Eclipse/plugins/com.st.stm32cube.ide.mcu.externaltools.gnu-tools-for-stm32.13.3.rel1.macos64_1.0.0.202411102158/tools/bin/../lib/gcc/arm-none-eabi/13.3.1/../../../../arm-none-eabi/lib/thumb/v7e-m+fp/hard/libc_nano.a(libc_a-vsprintf.o)
                0x08012b70                vsprintf
                0x08012b70                vsiprintf
 .text.sulp     0x08012b84       0x3c /Applications/STMicroelectronics/STM32CubeIDE.app/Contents/Eclipse/plugins/com.st.stm32cube.ide.mcu.externaltools.gnu-tools-for-stm32.13.3.rel1.macos64_1.0.0.202411102158/tools/bin/../lib/gcc/arm-none-eabi/13.3.1/../../../../arm-none-eabi/lib/thumb/v7e-m+fp/hard/libc_nano.a(libc_a-strtod.o)
 .text._strtod_l
                0x08012bc0      0xbc8 /Applications/STMicroelectronics/STM32CubeIDE.app/Contents/Eclipse/plugins/com.st.stm32cube.ide.mcu.externaltools.gnu-tools-for-stm32.13.3.rel1.macos64_1.0.0.202411102158/tools/bin/../lib/gcc/arm-none-eabi/13.3.1/../../../../arm-none-eabi/lib/thumb/v7e-m+fp/hard/libc_nano.a(libc_a-strtod.o)
                0x08012bc0                _strtod_l
 .text.strtod   0x08013788       0x18 /Applications/STMicroelectronics/STM32CubeIDE.app/Contents/Eclipse/plugins/com.st.stm32cube.ide.mcu.externaltools.gnu-tools-for-stm32.13.3.rel1.macos64_1.0.0.202411102158/tools/bin/../lib/gcc/arm-none-eabi/13.3.1/../../../../arm-none-eabi/lib/thumb/v7e-m+fp/hard/libc_nano.a(libc_a-strtod.o)
                0x08013788                strtod
 .text._strtol_l.isra.0
                0x080137a0       0xf4 /Applications/STMicroelectronics/STM32CubeIDE.app/Contents/Eclipse/plugins/com.st.stm32cube.ide.mcu.externaltools.gnu-tools-for-stm32.13.3.rel1.macos64_1.0.0.202411102158/tools/bin/../lib/gcc/arm-none-eabi/13.3.1/../../../../arm-none-eabi/lib/thumb/v7e-m+fp/hard/libc_nano.a(libc_a-strtol.o)
 .text.strtol   0x08013894       0x14 /Applications/STMicroelectronics/STM32CubeIDE.app/Contents/Eclipse/plugins/com.st.stm32cube.ide.mcu.externaltools.gnu-tools-for-stm32.13.3.rel1.macos64_1.0.0.202411102158/tools/bin/../lib/gcc/arm-none-eabi/13.3.1/../../../../arm-none-eabi/lib/thumb/v7e-m+fp/hard/libc_nano.a(libc_a-strtol.o)
                0x08013894                strtol
 .text._fwalk_sglue
                0x080138a8       0x3c /Applications/STMicroelectronics/STM32CubeIDE.app/Contents/Eclipse/plugins/com.st.stm32cube.ide.mcu.externaltools.gnu-tools-for-stm32.13.3.rel1.macos64_1.0.0.202411102158/tools/bin/../lib/gcc/arm-none-eabi/13.3.1/../../../../arm-none-eabi/lib/thumb/v7e-m+fp/hard/libc_nano.a(libc_a-fwalk.o)
                0x080138a8                _fwalk_sglue
 .text.printf   0x080138e4       0x24 /Applications/STMicroelectronics/STM32CubeIDE.app/Contents/Eclipse/plugins/com.st.stm32cube.ide.mcu.externaltools.gnu-tools-for-stm32.13.3.rel1.macos64_1.0.0.202411102158/tools/bin/../lib/gcc/arm-none-eabi/13.3.1/../../../../arm-none-eabi/lib/thumb/v7e-m+fp/hard/libc_nano.a(libc_a-printf.o)
                0x080138e4                printf
                0x080138e4                iprintf
 .text._puts_r  0x08013908       0xaa /Applications/STMicroelectronics/STM32CubeIDE.app/Contents/Eclipse/plugins/com.st.stm32cube.ide.mcu.externaltools.gnu-tools-for-stm32.13.3.rel1.macos64_1.0.0.202411102158/tools/bin/../lib/gcc/arm-none-eabi/13.3.1/../../../../arm-none-eabi/lib/thumb/v7e-m+fp/hard/libc_nano.a(libc_a-puts.o)
                0x08013908                _puts_r
 *fill*         0x080139b2        0x2 
 .text.puts     0x080139b4       0x10 /Applications/STMicroelectronics/STM32CubeIDE.app/Contents/Eclipse/plugins/com.st.stm32cube.ide.mcu.externaltools.gnu-tools-for-stm32.13.3.rel1.macos64_1.0.0.202411102158/tools/bin/../lib/gcc/arm-none-eabi/13.3.1/../../../../arm-none-eabi/lib/thumb/v7e-m+fp/hard/libc_nano.a(libc_a-puts.o)
                0x080139b4                puts
 .text.memset   0x080139c4       0x10 /Applications/STMicroelectronics/STM32CubeIDE.app/Contents/Eclipse/plugins/com.st.stm32cube.ide.mcu.externaltools.gnu-tools-for-stm32.13.3.rel1.macos64_1.0.0.202411102158/tools/bin/../lib/gcc/arm-none-eabi/13.3.1/../../../../arm-none-eabi/lib/thumb/v7e-m+fp/hard/libc_nano.a(libc_a-memset.o)
                0x080139c4                memset
 .text.strncmp  0x080139d4       0x24 /Applications/STMicroelectronics/STM32CubeIDE.app/Contents/Eclipse/plugins/com.st.stm32cube.ide.mcu.externaltools.gnu-tools-for-stm32.13.3.rel1.macos64_1.0.0.202411102158/tools/bin/../lib/gcc/arm-none-eabi/13.3.1/../../../../arm-none-eabi/lib/thumb/v7e-m+fp/hard/libc_nano.a(libc_a-strncmp.o)
                0x080139d4                strncmp
 .text._sbrk_r  0x080139f8       0x20 /Applications/STMicroelectronics/STM32CubeIDE.app/Contents/Eclipse/plugins/com.st.stm32cube.ide.mcu.externaltools.gnu-tools-for-stm32.13.3.rel1.macos64_1.0.0.202411102158/tools/bin/../lib/gcc/arm-none-eabi/13.3.1/../../../../arm-none-eabi/lib/thumb/v7e-m+fp/hard/libc_nano.a(libc_a-sbrkr.o)
                0x080139f8                _sbrk_r
 .text.__errno  0x08013a18        0xc /Applications/STMicroelectronics/STM32CubeIDE.app/Contents/Eclipse/plugins/com.st.stm32cube.ide.mcu.externaltools.gnu-tools-for-stm32.13.3.rel1.macos64_1.0.0.202411102158/tools/bin/../lib/gcc/arm-none-eabi/13.3.1/../../../../arm-none-eabi/lib/thumb/v7e-m+fp/hard/libc_nano.a(libc_a-errno.o)
                0x08013a18                __errno
 .text.__libc_init_array
                0x08013a24       0x48 /Applications/STMicroelectronics/STM32CubeIDE.app/Contents/Eclipse/plugins/com.st.stm32cube.ide.mcu.externaltools.gnu-tools-for-stm32.13.3.rel1.macos64_1.0.0.202411102158/tools/bin/../lib/gcc/arm-none-eabi/13.3.1/../../../../arm-none-eabi/lib/thumb/v7e-m+fp/hard/libc_nano.a(libc_a-init.o)
                0x08013a24                __libc_init_array
 .text.__retarget_lock_init_recursive
                0x08013a6c        0x2 /Applications/STMicroelectronics/STM32CubeIDE.app/Contents/Eclipse/plugins/com.st.stm32cube.ide.mcu.externaltools.gnu-tools-for-stm32.13.3.rel1.macos64_1.0.0.202411102158/tools/bin/../lib/gcc/arm-none-eabi/13.3.1/../../../../arm-none-eabi/lib/thumb/v7e-m+fp/hard/libc_nano.a(libc_a-lock.o)
                0x08013a6c                __retarget_lock_init_recursive
 .text.__retarget_lock_acquire_recursive
                0x08013a6e        0x2 /Applications/STMicroelectronics/STM32CubeIDE.app/Contents/Eclipse/plugins/com.st.stm32cube.ide.mcu.externaltools.gnu-tools-for-stm32.13.3.rel1.macos64_1.0.0.202411102158/tools/bin/../lib/gcc/arm-none-eabi/13.3.1/../../../../arm-none-eabi/lib/thumb/v7e-m+fp/hard/libc_nano.a(libc_a-lock.o)
                0x08013a6e                __retarget_lock_acquire_recursive
 .text.__retarget_lock_release_recursive
                0x08013a70        0x2 /Applications/STMicroelectronics/STM32CubeIDE.app/Contents/Eclipse/plugins/com.st.stm32cube.ide.mcu.externaltools.gnu-tools-for-stm32.13.3.rel1.macos64_1.0.0.202411102158/tools/bin/../lib/gcc/arm-none-eabi/13.3.1/../../../../arm-none-eabi/lib/thumb/v7e-m+fp/hard/libc_nano.a(libc_a-lock.o)
                0x08013a70                __retarget_lock_release_recursive
 *fill*         0x08013a72        0x2 
 .text._localeconv_r
                0x08013a74        0x8 /Applications/STMicroelectronics/STM32CubeIDE.app/Contents/Eclipse/plugins/com.st.stm32cube.ide.mcu.externaltools.gnu-tools-for-stm32.13.3.rel1.macos64_1.0.0.202411102158/tools/bin/../lib/gcc/arm-none-eabi/13.3.1/../../../../arm-none-eabi/lib/thumb/v7e-m+fp/hard/libc_nano.a(libc_a-localeconv.o)
                0x08013a74                _localeconv_r
 .text.strcpy   0x08013a7c       0x10 /Applications/STMicroelectronics/STM32CubeIDE.app/Contents/Eclipse/plugins/com.st.stm32cube.ide.mcu.externaltools.gnu-tools-for-stm32.13.3.rel1.macos64_1.0.0.202411102158/tools/bin/../lib/gcc/arm-none-eabi/13.3.1/../../../../arm-none-eabi/lib/thumb/v7e-m+fp/hard/libc_nano.a(libc_a-strcpy.o)
                0x08013a7c                strcpy
 .text.memcpy   0x08013a8c       0x1c /Applications/STMicroelectronics/STM32CubeIDE.app/Contents/Eclipse/plugins/com.st.stm32cube.ide.mcu.externaltools.gnu-tools-for-stm32.13.3.rel1.macos64_1.0.0.202411102158/tools/bin/../lib/gcc/arm-none-eabi/13.3.1/../../../../arm-none-eabi/lib/thumb/v7e-m+fp/hard/libc_nano.a(libc_a-memcpy-stub.o)
                0x08013a8c                memcpy
 .text.nan      0x08013aa8       0x10 /Applications/STMicroelectronics/STM32CubeIDE.app/Contents/Eclipse/plugins/com.st.stm32cube.ide.mcu.externaltools.gnu-tools-for-stm32.13.3.rel1.macos64_1.0.0.202411102158/tools/bin/../lib/gcc/arm-none-eabi/13.3.1/../../../../arm-none-eabi/lib/thumb/v7e-m+fp/hard/libc_nano.a(libm_a-s_nan.o)
                0x08013aa8                nan
 .text.quorem   0x08013ab8      0x110 /Applications/STMicroelectronics/STM32CubeIDE.app/Contents/Eclipse/plugins/com.st.stm32cube.ide.mcu.externaltools.gnu-tools-for-stm32.13.3.rel1.macos64_1.0.0.202411102158/tools/bin/../lib/gcc/arm-none-eabi/13.3.1/../../../../arm-none-eabi/lib/thumb/v7e-m+fp/hard/libc_nano.a(libc_a-dtoa.o)
 .text._dtoa_r  0x08013bc8      0xba0 /Applications/STMicroelectronics/STM32CubeIDE.app/Contents/Eclipse/plugins/com.st.stm32cube.ide.mcu.externaltools.gnu-tools-for-stm32.13.3.rel1.macos64_1.0.0.202411102158/tools/bin/../lib/gcc/arm-none-eabi/13.3.1/../../../../arm-none-eabi/lib/thumb/v7e-m+fp/hard/libc_nano.a(libc_a-dtoa.o)
                0x08013bc8                _dtoa_r
 .text._free_r  0x08014768       0x94 /Applications/STMicroelectronics/STM32CubeIDE.app/Contents/Eclipse/plugins/com.st.stm32cube.ide.mcu.externaltools.gnu-tools-for-stm32.13.3.rel1.macos64_1.0.0.202411102158/tools/bin/../lib/gcc/arm-none-eabi/13.3.1/../../../../arm-none-eabi/lib/thumb/v7e-m+fp/hard/libc_nano.a(libc_a-freer.o)
                0x08014768                _free_r
 .text.rshift   0x080147fc       0xa4 /Applications/STMicroelectronics/STM32CubeIDE.app/Contents/Eclipse/plugins/com.st.stm32cube.ide.mcu.externaltools.gnu-tools-for-stm32.13.3.rel1.macos64_1.0.0.202411102158/tools/bin/../lib/gcc/arm-none-eabi/13.3.1/../../../../arm-none-eabi/lib/thumb/v7e-m+fp/hard/libc_nano.a(libc_a-gdtoa-gethex.o)
 .text.__hexdig_fun
                0x080148a0       0x2a /Applications/STMicroelectronics/STM32CubeIDE.app/Contents/Eclipse/plugins/com.st.stm32cube.ide.mcu.externaltools.gnu-tools-for-stm32.13.3.rel1.macos64_1.0.0.202411102158/tools/bin/../lib/gcc/arm-none-eabi/13.3.1/../../../../arm-none-eabi/lib/thumb/v7e-m+fp/hard/libc_nano.a(libc_a-gdtoa-gethex.o)
                0x080148a0                __hexdig_fun
 *fill*         0x080148ca        0x2 
 .text.__gethex
                0x080148cc      0x420 /Applications/STMicroelectronics/STM32CubeIDE.app/Contents/Eclipse/plugins/com.st.stm32cube.ide.mcu.externaltools.gnu-tools-for-stm32.13.3.rel1.macos64_1.0.0.202411102158/tools/bin/../lib/gcc/arm-none-eabi/13.3.1/../../../../arm-none-eabi/lib/thumb/v7e-m+fp/hard/libc_nano.a(libc_a-gdtoa-gethex.o)
                0x080148cc                __gethex
 .text.L_shift  0x08014cec       0x24 /Applications/STMicroelectronics/STM32CubeIDE.app/Contents/Eclipse/plugins/com.st.stm32cube.ide.mcu.externaltools.gnu-tools-for-stm32.13.3.rel1.macos64_1.0.0.202411102158/tools/bin/../lib/gcc/arm-none-eabi/13.3.1/../../../../arm-none-eabi/lib/thumb/v7e-m+fp/hard/libc_nano.a(libc_a-gdtoa-hexnan.o)
 .text.__match  0x08014d10       0x28 /Applications/STMicroelectronics/STM32CubeIDE.app/Contents/Eclipse/plugins/com.st.stm32cube.ide.mcu.externaltools.gnu-tools-for-stm32.13.3.rel1.macos64_1.0.0.202411102158/tools/bin/../lib/gcc/arm-none-eabi/13.3.1/../../../../arm-none-eabi/lib/thumb/v7e-m+fp/hard/libc_nano.a(libc_a-gdtoa-hexnan.o)
                0x08014d10                __match
 .text.__hexnan
                0x08014d38      0x136 /Applications/STMicroelectronics/STM32CubeIDE.app/Contents/Eclipse/plugins/com.st.stm32cube.ide.mcu.externaltools.gnu-tools-for-stm32.13.3.rel1.macos64_1.0.0.202411102158/tools/bin/../lib/gcc/arm-none-eabi/13.3.1/../../../../arm-none-eabi/lib/thumb/v7e-m+fp/hard/libc_nano.a(libc_a-gdtoa-hexnan.o)
                0x08014d38                __hexnan
 .text.__ssputs_r
                0x08014e6e       0xb6 /Applications/STMicroelectronics/STM32CubeIDE.app/Contents/Eclipse/plugins/com.st.stm32cube.ide.mcu.externaltools.gnu-tools-for-stm32.13.3.rel1.macos64_1.0.0.202411102158/tools/bin/../lib/gcc/arm-none-eabi/13.3.1/../../../../arm-none-eabi/lib/thumb/v7e-m+fp/hard/libc_nano.a(libc_a-nano-svfprintf.o)
                0x08014e6e                __ssputs_r
 .text._svfprintf_r
                0x08014f24      0x1f8 /Applications/STMicroelectronics/STM32CubeIDE.app/Contents/Eclipse/plugins/com.st.stm32cube.ide.mcu.externaltools.gnu-tools-for-stm32.13.3.rel1.macos64_1.0.0.202411102158/tools/bin/../lib/gcc/arm-none-eabi/13.3.1/../../../../arm-none-eabi/lib/thumb/v7e-m+fp/hard/libc_nano.a(libc_a-nano-svfprintf.o)
                0x08014f24                _svfprintf_r
                0x08014f24                _svfiprintf_r
 .text.__sfputc_r
                0x0801511c       0x2e /Applications/STMicroelectronics/STM32CubeIDE.app/Contents/Eclipse/plugins/com.st.stm32cube.ide.mcu.externaltools.gnu-tools-for-stm32.13.3.rel1.macos64_1.0.0.202411102158/tools/bin/../lib/gcc/arm-none-eabi/13.3.1/../../../../arm-none-eabi/lib/thumb/v7e-m+fp/hard/libc_nano.a(libc_a-nano-vfprintf.o)
 .text.__sfputs_r
                0x0801514a       0x24 /Applications/STMicroelectronics/STM32CubeIDE.app/Contents/Eclipse/plugins/com.st.stm32cube.ide.mcu.externaltools.gnu-tools-for-stm32.13.3.rel1.macos64_1.0.0.202411102158/tools/bin/../lib/gcc/arm-none-eabi/13.3.1/../../../../arm-none-eabi/lib/thumb/v7e-m+fp/hard/libc_nano.a(libc_a-nano-vfprintf.o)
                0x0801514a                __sfputs_r
 *fill*         0x0801516e        0x2 
 .text._vfprintf_r
                0x08015170      0x230 /Applications/STMicroelectronics/STM32CubeIDE.app/Contents/Eclipse/plugins/com.st.stm32cube.ide.mcu.externaltools.gnu-tools-for-stm32.13.3.rel1.macos64_1.0.0.202411102158/tools/bin/../lib/gcc/arm-none-eabi/13.3.1/../../../../arm-none-eabi/lib/thumb/v7e-m+fp/hard/libc_nano.a(libc_a-nano-vfprintf.o)
                0x08015170                _vfiprintf_r
                0x08015170                _vfprintf_r
 .text.__ascii_mbtowc
                0x080153a0       0x24 /Applications/STMicroelectronics/STM32CubeIDE.app/Contents/Eclipse/plugins/com.st.stm32cube.ide.mcu.externaltools.gnu-tools-for-stm32.13.3.rel1.macos64_1.0.0.202411102158/tools/bin/../lib/gcc/arm-none-eabi/13.3.1/../../../../arm-none-eabi/lib/thumb/v7e-m+fp/hard/libc_nano.a(libc_a-mbtowc_r.o)
                0x080153a0                __ascii_mbtowc
 .text.__sflush_r
                0x080153c4      0x108 /Applications/STMicroelectronics/STM32CubeIDE.app/Contents/Eclipse/plugins/com.st.stm32cube.ide.mcu.externaltools.gnu-tools-for-stm32.13.3.rel1.macos64_1.0.0.202411102158/tools/bin/../lib/gcc/arm-none-eabi/13.3.1/../../../../arm-none-eabi/lib/thumb/v7e-m+fp/hard/libc_nano.a(libc_a-fflush.o)
                0x080153c4                __sflush_r
 .text._fflush_r
                0x080154cc       0x50 /Applications/STMicroelectronics/STM32CubeIDE.app/Contents/Eclipse/plugins/com.st.stm32cube.ide.mcu.externaltools.gnu-tools-for-stm32.13.3.rel1.macos64_1.0.0.202411102158/tools/bin/../lib/gcc/arm-none-eabi/13.3.1/../../../../arm-none-eabi/lib/thumb/v7e-m+fp/hard/libc_nano.a(libc_a-fflush.o)
                0x080154cc                _fflush_r
 .text._Balloc  0x0801551c       0x80 /Applications/STMicroelectronics/STM32CubeIDE.app/Contents/Eclipse/plugins/com.st.stm32cube.ide.mcu.externaltools.gnu-tools-for-stm32.13.3.rel1.macos64_1.0.0.202411102158/tools/bin/../lib/gcc/arm-none-eabi/13.3.1/../../../../arm-none-eabi/lib/thumb/v7e-m+fp/hard/libc_nano.a(libc_a-mprec.o)
                0x0801551c                _Balloc
 .text._Bfree   0x0801559c       0x44 /Applications/STMicroelectronics/STM32CubeIDE.app/Contents/Eclipse/plugins/com.st.stm32cube.ide.mcu.externaltools.gnu-tools-for-stm32.13.3.rel1.macos64_1.0.0.202411102158/tools/bin/../lib/gcc/arm-none-eabi/13.3.1/../../../../arm-none-eabi/lib/thumb/v7e-m+fp/hard/libc_nano.a(libc_a-mprec.o)
                0x0801559c                _Bfree
 .text.__multadd
                0x080155e0       0x8c /Applications/STMicroelectronics/STM32CubeIDE.app/Contents/Eclipse/plugins/com.st.stm32cube.ide.mcu.externaltools.gnu-tools-for-stm32.13.3.rel1.macos64_1.0.0.202411102158/tools/bin/../lib/gcc/arm-none-eabi/13.3.1/../../../../arm-none-eabi/lib/thumb/v7e-m+fp/hard/libc_nano.a(libc_a-mprec.o)
                0x080155e0                __multadd
 .text.__s2b    0x0801566c       0x94 /Applications/STMicroelectronics/STM32CubeIDE.app/Contents/Eclipse/plugins/com.st.stm32cube.ide.mcu.externaltools.gnu-tools-for-stm32.13.3.rel1.macos64_1.0.0.202411102158/tools/bin/../lib/gcc/arm-none-eabi/13.3.1/../../../../arm-none-eabi/lib/thumb/v7e-m+fp/hard/libc_nano.a(libc_a-mprec.o)
                0x0801566c                __s2b
 .text.__hi0bits
                0x08015700       0x3e /Applications/STMicroelectronics/STM32CubeIDE.app/Contents/Eclipse/plugins/com.st.stm32cube.ide.mcu.externaltools.gnu-tools-for-stm32.13.3.rel1.macos64_1.0.0.202411102158/tools/bin/../lib/gcc/arm-none-eabi/13.3.1/../../../../arm-none-eabi/lib/thumb/v7e-m+fp/hard/libc_nano.a(libc_a-mprec.o)
                0x08015700                __hi0bits
 .text.__lo0bits