../Core/Src/bmi270_api/bmi270_context.c:883:8:bmi270_context_init	24	static
../Core/Src/bmi270_api/bmi270_context.c:967:8:bmi270_context_sensor_enable	40	static
../Core/Src/bmi270_api/bmi270_context.c:998:8:bmi270_context_sensor_disable	40	static
../Core/Src/bmi270_api/bmi270_context.c:1029:8:bmi270_context_set_sensor_config	32	static
../Core/Src/bmi270_api/bmi270_context.c:1115:8:bmi270_context_get_sensor_config	32	static
../Core/Src/bmi270_api/bmi270_context.c:1204:8:bmi270_context_get_feature_data	32	static
../Core/Src/bmi270_api/bmi270_context.c:1296:8:bmi270_context_get_act_recg_sett	48	static
../Core/Src/bmi270_api/bmi270_context.c:1394:8:bmi270_context_set_act_recg_sett	40	static
../Core/Src/bmi270_api/bmi270_context.c:1496:8:bmi270_context_get_act_recog_output	40	static
../Core/Src/bmi270_api/bmi270_context.c:1528:8:bmi270_context_map_feat_int	32	static
../Core/Src/bmi270_api/bmi270_context.c:1578:15:null_ptr_check	24	static
../Core/Src/bmi270_api/bmi270_context.c:1596:15:select_sensor	96	static
../Core/Src/bmi270_api/bmi270_context.c:1644:15:sensor_enable	40	static
../Core/Src/bmi270_api/bmi270_context.c:1684:15:sensor_disable	40	static
../Core/Src/bmi270_api/bmi270_context.c:1724:15:set_step_detector	56	static
../Core/Src/bmi270_api/bmi270_context.c:1779:15:set_step_counter	56	static
../Core/Src/bmi270_api/bmi270_context.c:1834:15:set_act_recog	56	static
../Core/Src/bmi270_api/bmi270_context.c:1891:15:set_step_count_params_config	56	static
../Core/Src/bmi270_api/bmi270_context.c:2016:15:set_step_config	48	static
../Core/Src/bmi270_api/bmi270_context.c:2087:15:get_step_count_params_config	56	static
../Core/Src/bmi270_api/bmi270_context.c:2206:15:get_step_config	48	static
../Core/Src/bmi270_api/bmi270_context.c:2266:15:get_step_counter_output	40	static
../Core/Src/bmi270_api/bmi270_context.c:2312:15:get_nvm_error_status	40	static
../Core/Src/bmi270_api/bmi270_context.c:2371:15:unpack_act_recog_output	48	static
../Core/Src/bmi270_api/bmi270_context.c:2429:15:get_vfrm_error_status	40	static
../Core/Src/bmi270_api/bmi270_context.c:2482:15:move_if_s4s_frame	32	static
../Core/Src/bmi270_api/bmi270_context.c:2523:16:extract_output_feat_config	32	static
../Core/Src/bmi270_api/bmi270_context.c:2555:15:move_next_frame	32	static
../Core/Src/bmi270_api/bmi270_context.c:2584:15:fifo_header_frame	32	static
../Core/Src/bmi270_api/bmi270_context.c:2731:15:enable_main_sensors	72	static
../Core/Src/bmi270_api/bmi270_context.c:2780:15:enable_sensor_features	56	static
../Core/Src/bmi270_api/bmi270_context.c:2809:15:disable_main_sensors	64	static
../Core/Src/bmi270_api/bmi270_context.c:2852:15:disable_sensor_features	56	static
