../Core/Src/bmi270_legacy.c:1827:8:bmi270_legacy_init	24	static
../Core/Src/bmi270_legacy.c:1920:8:bmi270_legacy_sensor_enable	40	static
../Core/Src/bmi270_legacy.c:1951:8:bmi270_legacy_sensor_disable	40	static
../Core/Src/bmi270_legacy.c:1982:8:bmi270_legacy_set_sensor_config	32	static
../Core/Src/bmi270_legacy.c:2051:8:bmi270_legacy_get_sensor_config	32	static
../Core/Src/bmi270_legacy.c:2123:8:bmi270_legacy_get_feature_data	32	static
../Core/Src/bmi270_legacy.c:2236:8:bmi270_legacy_update_gyro_user_gain	80	static
../Core/Src/bmi270_legacy.c:2332:8:bmi270_legacy_read_gyro_user_gain	24	static
../Core/Src/bmi270_legacy.c:2369:8:bmi270_legacy_map_feat_int	32	static
../Core/Src/bmi270_legacy.c:2427:15:get_tap_config	24	static
../Core/Src/bmi270_legacy.c:2446:15:get_config_page_primary	56	static
../Core/Src/bmi270_legacy.c:2540:15:get_config_page_secondary	56	static
../Core/Src/bmi270_legacy.c:2614:15:set_tap_config	24	static
../Core/Src/bmi270_legacy.c:2633:15:set_config_page_primary	56	static
../Core/Src/bmi270_legacy.c:2726:15:set_config_page_secondary	56	static
../Core/Src/bmi270_legacy.c:2807:15:null_ptr_check	24	static
../Core/Src/bmi270_legacy.c:2825:15:select_sensor	64	static
../Core/Src/bmi270_legacy.c:2872:15:sensor_enable	40	static
../Core/Src/bmi270_legacy.c:2912:15:sensor_disable	40	static
../Core/Src/bmi270_legacy.c:2951:15:set_any_motion	56	static
../Core/Src/bmi270_legacy.c:3006:15:set_no_motion	56	static
../Core/Src/bmi270_legacy.c:3061:15:set_step_detector	56	static
../Core/Src/bmi270_legacy.c:3116:15:set_step_counter	56	static
../Core/Src/bmi270_legacy.c:3171:15:set_step_activity	56	static
../Core/Src/bmi270_legacy.c:3228:15:set_sig_motion	56	static
../Core/Src/bmi270_legacy.c:3284:15:set_single_tap	56	static
../Core/Src/bmi270_legacy.c:3340:15:set_double_tap	56	static
../Core/Src/bmi270_legacy.c:3396:15:set_triple_tap	56	static
../Core/Src/bmi270_legacy.c:3451:15:set_orientation	56	static
../Core/Src/bmi270_legacy.c:3506:15:set_high_g	56	static
../Core/Src/bmi270_legacy.c:3561:15:set_low_g	56	static
../Core/Src/bmi270_legacy.c:3616:15:set_flat	56	static
../Core/Src/bmi270_legacy.c:3672:15:set_gyro_self_offset_corr	56	static
../Core/Src/bmi270_legacy.c:3730:15:set_gyro_user_gain	56	static
../Core/Src/bmi270_legacy.c:3786:15:set_any_motion_config	48	static
../Core/Src/bmi270_legacy.c:3870:15:set_no_motion_config	48	static
../Core/Src/bmi270_legacy.c:3954:15:set_sig_motion_config	48	static
../Core/Src/bmi270_legacy.c:4019:15:set_step_config	48	static
../Core/Src/bmi270_legacy.c:4098:15:set_tap_detector_config	24	static
../Core/Src/bmi270_legacy.c:4113:15:set_orient_config	48	static
../Core/Src/bmi270_legacy.c:4197:15:set_high_g_config	48	static
../Core/Src/bmi270_legacy.c:4287:15:set_low_g_config	48	static
../Core/Src/bmi270_legacy.c:4367:15:set_flat_config	48	static
../Core/Src/bmi270_legacy.c:4447:15:get_any_motion_config	48	static
../Core/Src/bmi270_legacy.c:4522:15:get_no_motion_config	48	static
../Core/Src/bmi270_legacy.c:4597:15:get_sig_motion_config	48	static
../Core/Src/bmi270_legacy.c:4654:15:get_step_config	48	static
../Core/Src/bmi270_legacy.c:4722:15:get_tap_detector_config	24	static
../Core/Src/bmi270_legacy.c:4737:15:get_orient_config	48	static
../Core/Src/bmi270_legacy.c:4814:15:get_high_g_config	48	static
../Core/Src/bmi270_legacy.c:4897:15:get_low_g_config	48	static
../Core/Src/bmi270_legacy.c:4971:15:get_flat_config	48	static
../Core/Src/bmi270_legacy.c:5042:15:get_high_g_output	40	static
../Core/Src/bmi270_legacy.c:5085:15:get_step_counter_output	40	static
../Core/Src/bmi270_legacy.c:5131:15:get_nvm_error_status	40	static
../Core/Src/bmi270_legacy.c:5190:15:get_user_gain_upd_status	40	static
../Core/Src/bmi270_legacy.c:5252:15:get_step_activity_output	40	static
../Core/Src/bmi270_legacy.c:5296:15:get_orient_output	40	static
../Core/Src/bmi270_legacy.c:5343:15:enable_gyro_gain	24	static
../Core/Src/bmi270_legacy.c:5365:16:extract_output_feat_config	32	static
../Core/Src/bmi270_legacy.c:5395:15:get_vfrm_error_status	40	static
../Core/Src/bmi270_legacy.c:5447:15:set_feat_config	32	static
../Core/Src/bmi270_legacy.c:5512:15:get_feat_config	32	static
../Core/Src/bmi270_legacy.c:5577:15:sens_select	152	static
../Core/Src/bmi270_legacy.c:5640:15:enable_main_sensors	72	static
../Core/Src/bmi270_legacy.c:5689:15:enable_sensor_features	152	static
../Core/Src/bmi270_legacy.c:5790:15:disable_main_sensors	72	static
../Core/Src/bmi270_legacy.c:5839:15:disable_sensor_features	152	static
