../Core/Src/bmi270_dsd.c:1162:8:bmi270_dsd_init	24	static
../Core/Src/bmi270_dsd.c:1249:8:bmi270_dsd_sensor_enable	40	static
../Core/Src/bmi270_dsd.c:1280:8:bmi270_dsd_sensor_disable	40	static
../Core/Src/bmi270_dsd.c:1311:8:bmi270_dsd_set_sensor_config	32	static
../Core/Src/bmi270_dsd.c:1380:8:bmi270_dsd_get_sensor_config	32	static
../Core/Src/bmi270_dsd.c:1452:8:bmi270_dsd_get_feature_data	32	static
../Core/Src/bmi270_dsd.c:1549:8:bmi270_dsd_update_gyro_user_gain	80	static
../Core/Src/bmi270_dsd.c:1645:8:bmi270_dsd_read_gyro_user_gain	24	static
../Core/Src/bmi270_dsd.c:1682:8:bmi270_dsd_map_feat_int	32	static
../Core/Src/bmi270_dsd.c:1733:15:null_ptr_check	24	static
../Core/Src/bmi270_dsd.c:1751:15:select_sensor	64	static
../Core/Src/bmi270_dsd.c:1798:15:sens_select	72	static
../Core/Src/bmi270_dsd.c:1831:15:sensor_enable	40	static
../Core/Src/bmi270_dsd.c:1871:15:sensor_disable	40	static
../Core/Src/bmi270_dsd.c:1911:15:set_any_motion	56	static
../Core/Src/bmi270_dsd.c:1966:15:set_no_motion	56	static
../Core/Src/bmi270_dsd.c:2021:15:set_door_state_detector	40	static
../Core/Src/bmi270_dsd.c:2068:15:set_gyro_self_offset_corr	40	static
../Core/Src/bmi270_dsd.c:2117:15:set_gyro_user_gain	40	static
../Core/Src/bmi270_dsd.c:2163:15:get_door_state_detector_output	48	static
../Core/Src/bmi270_dsd.c:2222:15:get_nvm_error_status	40	static
../Core/Src/bmi270_dsd.c:2281:15:get_user_gain_upd_status	40	static
../Core/Src/bmi270_dsd.c:2344:15:enable_gyro_gain	24	static
../Core/Src/bmi270_dsd.c:2366:15:set_any_motion_config	48	static
../Core/Src/bmi270_dsd.c:2450:15:set_no_motion_config	48	static
../Core/Src/bmi270_dsd.c:2534:15:get_any_motion_config	48	static
../Core/Src/bmi270_dsd.c:2609:15:get_no_motion_config	48	static
../Core/Src/bmi270_dsd.c:2684:16:extract_output_feat_config	32	static
../Core/Src/bmi270_dsd.c:2714:15:get_vfrm_error_status	40	static
../Core/Src/bmi270_dsd.c:2766:15:set_feat_config	32	static
../Core/Src/bmi270_dsd.c:2799:15:get_feat_config	32	static
../Core/Src/bmi270_dsd.c:2832:15:enable_main_sensors	72	static
../Core/Src/bmi270_dsd.c:2881:15:enable_sensor_features	72	static
../Core/Src/bmi270_dsd.c:2922:15:disable_main_sensors	72	static
../Core/Src/bmi270_dsd.c:2971:15:disable_sensor_features	72	static
../Core/Src/bmi270_dsd.c:3012:15:set_door_state_detector_config_primary	16	static
../Core/Src/bmi270_dsd.c:3021:15:set_door_closed_thr	16	static
../Core/Src/bmi270_dsd.c:3029:15:set_door_state_detector_config_common	56	static
../Core/Src/bmi270_dsd.c:3170:15:get_door_state_detector_config_primary	16	static
../Core/Src/bmi270_dsd.c:3179:15:get_door_closed_thr	16	static
../Core/Src/bmi270_dsd.c:3187:15:get_door_state_detector_config_common	56	static
../Core/Src/bmi270_dsd.c:3310:15:get_door_state_detector_config	24	static
../Core/Src/bmi270_dsd.c:3329:15:set_door_state_detector_config	24	static
