../Core/Src/helpers.c:22:7:pollBatteryVoltage	24	static
../Core/Src/helpers.c:31:6:pollADC	24	static
../Core/Src/helpers.c:42:6:write_buf	32	static
../Core/Src/helpers.c:51:6:flush_buf	56	static
../Core/Src/helpers.c:86:6:setupIMU	120	static
../Core/Src/helpers.c:151:6:setupTPSens	24	static
../Core/Src/helpers.c:164:6:setupAccSleep	24	static
../Core/Src/helpers.c:206:8:bmi2_i2c_write	40	static
../Core/Src/helpers.c:222:8:bmi2_i2c_read	40	static
../Core/Src/helpers.c:237:6:bmi2_delay_us	16	static
../Core/Src/helpers.c:244:6:setupAccWake	24	static
../Core/Src/helpers.c:280:6:initSDCard	16	static
../Core/Src/helpers.c:302:9:createLogFile	16	static
../Core/Src/helpers.c:320:9:createDataFile	24	static
../Core/Src/helpers.c:340:6:waitForInterruptAndWakeup	16	static,ignoring_inline_asm
../Core/Src/helpers.c:393:6:ErrorHandler	8	static
