../Core/Src/helpers.c:14:7:pollBatteryVoltage	24	static
../Core/Src/helpers.c:23:6:pollADC	24	static
../Core/Src/helpers.c:34:6:write_buf	32	static
../Core/Src/helpers.c:52:6:flush_buf	32	static
../Core/Src/helpers.c:66:6:setupTPSens	24	static
../Core/Src/helpers.c:79:6:setupAccSleep	24	static
../Core/Src/helpers.c:121:6:setupAccWake	24	static
../Core/Src/helpers.c:157:6:initSDCard	16	static
../Core/Src/helpers.c:179:9:createLogFile	16	static
../Core/Src/helpers.c:197:9:createDataFile	24	static
../Core/Src/helpers.c:217:6:waitForInterruptAndWakeup	16	static,ignoring_inline_asm
../Core/Src/helpers.c:261:6:ErrorHandler	8	static
