../Core/Src/logger.c:209:13:timestamp_init	8	static
../Core/Src/logger.c:241:6:timestamp_overflow_irq	4	static
../Core/Src/logger.c:264:24:get_timestamp_us	64	static
../Core/Src/logger.c:283:16:crc8	24	static
../Core/Src/logger.c:316:30:bmi2_i2c_read	48	static
../Core/Src/logger.c:340:30:bmi2_i2c_write	48	static
../Core/Src/logger.c:358:13:bmi2_delay_us	24	static
../Core/Src/logger.c:370:15:bmi270_setup	136	static
../Core/Src/logger.c:481:6:bmi270_drdy_irq_handler	4	static
../Core/Src/logger.c:508:6:logger_tim7_irq_handler	16	static,ignoring_inline_asm
../Core/Src/logger.c:537:17:build_record	32	static
../Core/Src/logger.c:561:13:buffer_imu_frame	56	static
../Core/Src/logger.c:580:15:bmi2_extract_accel_gyro	2680	static
../Core/Src/logger.c:620:17:build_gps_record	56	static
../Core/Src/logger.c:635:16:sd_open_log	160	static
../Core/Src/logger.c:650:13:sd_flush_half	24	static
../Core/Src/logger.c:659:13:sd_write_gps	64	static
../Core/Src/logger.c:679:13:logger_drain_imu	1296	static
../Core/Src/logger.c:733:13:logger_do_sd_flush	56	static,ignoring_inline_asm
../Core/Src/logger.c:772:6:logger_start	16	static
