../Drivers/CMSIS/Include/core_cm4.h:2059:26:ITM_SendChar	16	static,ignoring_inline_asm
../Core/Inc/datetime.h:20:6:toepoch	64	static
../Core/Inc/datetime.h:60:10:fromepoch	72	static
../Core/Src/main.c:95:1:__io_putchar	16	static
../Core/Src/main.c:101:5:_write	32	static
../Core/Src/main.c:112:9:BSP_SD_IsDetected	16	static
../Core/Src/main.c:125:6:blink	24	static
../Core/Src/main.c:134:6:log_printf	1040	static
../Core/Src/main.c:150:6:log_raw	24	static
../Core/Src/main.c:159:9:BSP_SD_ReadBlocks_DMA	32	static
../Core/Src/main.c:184:9:BSP_SD_WriteBlocks_DMA	32	static
../Core/Src/main.c:212:6:HAL_GPIO_EXTI_Callback	16	static
../Core/Src/main.c:228:9:Read_I2C_Reg	32	static
../Core/Src/main.c:247:9:Read_I2C_Reg_NoStop	40	static
../Core/Src/main.c:265:6:Write_I2C_Reg	40	static
../Core/Src/main.c:286:6:Get_TPSens	168	static
../Core/Src/main.c:400:6:Get_Acc	48	static
../Core/Src/main.c:432:6:Raw_Acc	32	static
../Core/Src/main.c:445:6:Raw_IMU	2112	static
../Core/Src/main.c:477:6:Get_TPSens2	56	static
../Core/Src/main.c:502:6:Raw_TPSens	40	static
../Core/Src/main.c:523:6:init_everything	8	static
../Core/Src/main.c:542:5:main	584	static
../Core/Src/main.c:767:6:SystemClock_Config	96	static
../Core/Src/main.c:817:6:PeriphCommonClock_Config	144	static
../Core/Src/main.c:844:13:MX_ADC1_Init	48	static
../Core/Src/main.c:911:13:MX_I2C1_Init	8	static
../Core/Src/main.c:959:13:MX_I2C2_Init	8	static
../Core/Src/main.c:1007:13:MX_RTC_Init	32	static
../Core/Src/main.c:1072:13:MX_SDMMC1_SD_Init	4	static
../Core/Src/main.c:1099:13:MX_USART1_UART_Init	8	static
../Core/Src/main.c:1134:13:MX_USART2_UART_Init	8	static
../Core/Src/main.c:1167:13:MX_DMA_Init	16	static
../Core/Src/main.c:1188:13:MX_GPIO_Init	48	static
../Core/Src/main.c:1270:6:Error_Handler	8	static
