../Core/Inc/datetime.h:20:6:toepoch	5
../Core/Inc/datetime.h:60:10:fromepoch	12
../Core/Src/main.c:95:1:__io_putchar	1
../Core/Src/main.c:102:6:blink	2
../Core/Src/main.c:111:6:log_printf	1
../Core/Src/main.c:127:6:log_raw	1
../Core/Src/main.c:136:9:BSP_SD_ReadBlocks_DMA	3
../Core/Src/main.c:161:9:BSP_SD_WriteBlocks_DMA	3
../Core/Src/main.c:189:6:HAL_GPIO_EXTI_Callback	3
../Core/Src/main.c:205:9:Read_I2C_Reg	4
../Core/Src/main.c:224:9:Read_I2C_Reg_NoStop	4
../Core/Src/main.c:242:6:Write_I2C_Reg	4
../Core/Src/main.c:263:6:Get_TPSens	10
../Core/Src/main.c:377:6:Get_Acc	4
../Core/Src/main.c:409:6:Raw_Acc	2
../Core/Src/main.c:422:6:Raw_IMU	3
../Core/Src/main.c:454:6:Get_TPSens2	3
../Core/Src/main.c:479:6:Raw_TPSens	3
../Core/Src/main.c:498:6:init_everything	1
../Core/Src/main.c:517:5:main	15
../Core/Src/main.c:741:6:SystemClock_Config	4
../Core/Src/main.c:800:6:PeriphCommonClock_Config	2
../Core/Src/main.c:827:13:MX_ADC1_Init	4
../Core/Src/main.c:894:13:MX_I2C1_Init	4
../Core/Src/main.c:942:13:MX_I2C2_Init	4
../Core/Src/main.c:990:13:MX_RTC_Init	2
../Core/Src/main.c:1055:13:MX_SDMMC1_SD_Init	1
../Core/Src/main.c:1082:13:MX_USART1_UART_Init	2
../Core/Src/main.c:1117:13:MX_USART2_UART_Init	2
../Core/Src/main.c:1150:13:MX_DMA_Init	1
../Core/Src/main.c:1171:13:MX_GPIO_Init	1
../Core/Src/main.c:1253:6:Error_Handler	1
