../Core/Src/main.c:82:1:__io_putchar	1
../Core/Src/main.c:89:6:blink	2
../Core/Src/main.c:101:9:BSP_SD_ReadBlocks_DMA	3
../Core/Src/main.c:126:9:BSP_SD_WriteBlocks_DMA	3
../Core/Src/main.c:159:9:Read_I2C_Reg	2
../Core/Src/main.c:170:6:Write_I2C_Reg	2
../Core/Src/main.c:183:6:Get_TPSens	10
../Core/Src/main.c:297:6:Get_TPSens2	4
../Core/Src/main.c:336:5:main	20
../Core/Src/main.c:579:6:SystemClock_Config	4
../Core/Src/main.c:629:6:PeriphCommonClock_Config	2
../Core/Src/main.c:656:13:MX_ADC1_Init	4
../Core/Src/main.c:723:13:MX_I2C1_Init	4
../Core/Src/main.c:771:13:MX_LPUART1_UART_Init	2
../Core/Src/main.c:805:13:MX_USART1_UART_Init	2
../Core/Src/main.c:840:13:MX_USART2_UART_Init	2
../Core/Src/main.c:875:13:MX_RTC_Init	2
../Core/Src/main.c:940:13:MX_SDMMC1_SD_Init	1
../Core/Src/main.c:965:13:MX_DMA_Init	1
../Core/Src/main.c:986:13:MX_GPIO_Init	1
../Core/Src/main.c:1035:6:Error_Handler	1
