../Core/Inc/datetime.h:20:6:toepoch	64	static
../Core/Inc/datetime.h:60:10:fromepoch	72	static
../Core/Src/main.c:91:1:__io_putchar	16	static
../Core/Src/main.c:98:6:blink	24	static
../Core/Src/main.c:110:9:BSP_SD_ReadBlocks_DMA	32	static
../Core/Src/main.c:135:9:BSP_SD_WriteBlocks_DMA	32	static
../Core/Src/main.c:163:6:HAL_GPIO_EXTI_Callback	16	static
../Core/Src/main.c:178:9:Read_I2C_Reg	32	static
../Core/Src/main.c:189:9:Read_I2C_Reg_NoStop	40	static
../Core/Src/main.c:199:6:Write_I2C_Reg	32	static
../Core/Src/main.c:212:6:Get_TPSens	168	static
../Core/Src/main.c:326:6:Get_TPSens2	56	static
../Core/Src/main.c:363:5:main	1280	static
../Core/Src/main.c:694:6:SystemClock_Config	96	static
../Core/Src/main.c:744:6:PeriphCommonClock_Config	144	static
../Core/Src/main.c:771:13:MX_ADC1_Init	48	static
../Core/Src/main.c:838:13:MX_I2C1_Init	8	static
../Core/Src/main.c:886:13:MX_LPUART1_UART_Init	8	static
../Core/Src/main.c:920:13:MX_USART1_UART_Init	8	static
../Core/Src/main.c:955:13:MX_USART2_UART_Init	8	static
../Core/Src/main.c:990:13:MX_RTC_Init	32	static
../Core/Src/main.c:1055:13:MX_SDMMC1_SD_Init	4	static
../Core/Src/main.c:1080:13:MX_DMA_Init	16	static
../Core/Src/main.c:1101:13:MX_GPIO_Init	48	static
../Core/Src/main.c:1164:6:Error_Handler	8	static
