../Drivers/CMSIS/Include/core_cm4.h:2059:26:ITM_SendChar	16	static,ignoring_inline_asm
../Core/Src/main.c:64:1:__io_putchar	16	static
../Core/Src/main.c:70:5:_write	32	static
../Core/Src/main.c:81:9:BSP_SD_IsDetected	16	static
../Core/Src/main.c:96:9:BSP_SD_ReadBlocks_DMA	32	static
../Core/Src/main.c:121:9:BSP_SD_WriteBlocks_DMA	32	static
../Core/Src/main.c:149:6:HAL_GPIO_EXTI_Callback	16	static
../Core/Src/main.c:163:5:main	8	static
../Core/Src/main.c:216:6:SystemClock_Config	96	static
../Core/Src/main.c:266:6:PeriphCommonClock_Config	144	static
../Core/Src/main.c:293:13:MX_ADC1_Init	48	static
../Core/Src/main.c:357:13:MX_I2C1_Init	8	static
../Core/Src/main.c:402:13:MX_I2C2_Init	8	static
../Core/Src/main.c:447:13:MX_RTC_Init	32	static
../Core/Src/main.c:508:13:MX_SDMMC1_SD_Init	4	static
../Core/Src/main.c:533:13:MX_TIM2_Init	40	static
../Core/Src/main.c:575:13:MX_USART1_UART_Init	8	static
../Core/Src/main.c:607:13:MX_USART2_UART_Init	8	static
../Core/Src/main.c:637:13:MX_DMA_Init	16	static
../Core/Src/main.c:658:13:MX_GPIO_Init	48	static
../Core/Src/main.c:746:6:Error_Handler	8	static
