../Core/Src/main.c:80:1:__io_putchar	16	static
../Core/Src/main.c:87:6:blink	24	static
../Core/Src/main.c:99:9:BSP_SD_ReadBlocks_DMA	32	static
../Core/Src/main.c:124:9:BSP_SD_WriteBlocks_DMA	32	static
../Core/Src/main.c:157:9:Read_I2C_Reg	32	static
../Core/Src/main.c:168:6:Write_I2C_Reg	32	static
../Core/Src/main.c:178:6:Get_AltSens	200	static
../Core/Src/main.c:305:5:main	1696	static
../Core/Src/main.c:541:6:SystemClock_Config	96	static
../Core/Src/main.c:591:6:PeriphCommonClock_Config	144	static
../Core/Src/main.c:618:13:MX_ADC1_Init	48	static
../Core/Src/main.c:685:13:MX_I2C1_Init	8	static
../Core/Src/main.c:733:13:MX_RTC_Init	32	static
../Core/Src/main.c:798:13:MX_SDMMC1_SD_Init	4	static
../Core/Src/main.c:825:13:MX_USART1_UART_Init	8	static
../Core/Src/main.c:860:13:MX_USART2_UART_Init	8	static
../Core/Src/main.c:893:13:MX_DMA_Init	16	static
../Core/Src/main.c:914:13:MX_GPIO_Init	48	static
../Core/Src/main.c:963:6:Error_Handler	8	static
