../Core/Inc/datetime.h:20:6:toepoch	64	static
../Core/Inc/datetime.h:60:10:fromepoch	72	static
../Core/Src/main.c:93:1:__io_putchar	16	static
../Core/Src/main.c:100:6:blink	24	static
../Core/Src/main.c:109:6:log_printf	1040	static
../Core/Src/main.c:128:9:BSP_SD_ReadBlocks_DMA	32	static
../Core/Src/main.c:153:9:BSP_SD_WriteBlocks_DMA	32	static
../Core/Src/main.c:181:6:HAL_GPIO_EXTI_Callback	16	static
../Core/Src/main.c:199:9:Read_I2C_Reg	32	static
../Core/Src/main.c:218:9:Read_I2C_Reg_NoStop	40	static
../Core/Src/main.c:236:6:Write_I2C_Reg	40	static
../Core/Src/main.c:257:6:Get_TPSens	168	static
../Core/Src/main.c:371:6:Get_Acc	48	static
../Core/Src/main.c:403:6:Get_TPSens2	56	static
../Core/Src/main.c:433:6:init_everything	8	static
../Core/Src/main.c:452:5:main	1000	static
../Core/Src/main.c:734:6:SystemClock_Config	96	static
../Core/Src/main.c:784:6:PeriphCommonClock_Config	144	static
../Core/Src/main.c:811:13:MX_ADC1_Init	48	static
../Core/Src/main.c:878:13:MX_I2C1_Init	8	static
../Core/Src/main.c:926:13:MX_I2C2_Init	8	static
../Core/Src/main.c:974:13:MX_RTC_Init	32	static
../Core/Src/main.c:1039:13:MX_SDMMC1_SD_Init	4	static
../Core/Src/main.c:1066:13:MX_USART1_UART_Init	8	static
../Core/Src/main.c:1101:13:MX_USART2_UART_Init	8	static
../Core/Src/main.c:1134:13:MX_DMA_Init	16	static
../Core/Src/main.c:1155:13:MX_GPIO_Init	48	static
../Core/Src/main.c:1237:6:Error_Handler	8	static
