../FATFS/Target/bsp_driver_sd.c:48:16:BSP_SD_Init	16	static
../FATFS/Target/bsp_driver_sd.c:79:16:BSP_SD_ITConfig	4	static
../FATFS/Target/bsp_driver_sd.c:99:16:BSP_SD_ReadBlocks	40	static
../FATFS/Target/bsp_driver_sd.c:122:16:BSP_SD_WriteBlocks	40	static
../FATFS/Target/bsp_driver_sd.c:138:19:SD_DMAConfigRx	24	static
../FATFS/Target/bsp_driver_sd.c:177:19:SD_DMAConfigTx	24	static
../FATFS/Target/bsp_driver_sd.c:218:16:BSP_SD_ReadBlocks_DMA	32	static
../FATFS/Target/bsp_driver_sd.c:241:16:BSP_SD_WriteBlocks_DMA	32	static
../FATFS/Target/bsp_driver_sd.c:263:16:BSP_SD_Erase	24	static
../FATFS/Target/bsp_driver_sd.c:287:16:BSP_SD_GetCardState	8	static
../FATFS/Target/bsp_driver_sd.c:297:13:BSP_SD_GetCardInfo	16	static
../FATFS/Target/bsp_driver_sd.c:311:6:HAL_SD_AbortCallback	16	static
../FATFS/Target/bsp_driver_sd.c:321:6:HAL_SD_TxCpltCallback	16	static
../FATFS/Target/bsp_driver_sd.c:331:6:HAL_SD_RxCpltCallback	16	static
../FATFS/Target/bsp_driver_sd.c:342:13:BSP_SD_AbortCallback	4	static
../FATFS/Target/bsp_driver_sd.c:352:13:BSP_SD_WriteCpltCallback	4	static
../FATFS/Target/bsp_driver_sd.c:362:13:BSP_SD_ReadCpltCallback	4	static
../FATFS/Target/bsp_driver_sd.c:374:16:BSP_SD_IsDetected	16	static
